---
http_interactions:
- request:
    method: get
    uri: https://mixlib-install%40chef:a83d3a2ffad50eb9a2230f281a2e19b70fe0db2d@bintray.com/api/v1/packages/chef/stable/chef/versions/12.8.1/files
    body:
      encoding: US-ASCII
      string: ''
    headers:
      Accept-Encoding:
      - gzip;q=1.0,deflate;q=0.6,identity;q=0.3
      Accept:
      - "*/*"
      User-Agent:
      - Ruby
  response:
    status:
      code: 200
      message: OK
    headers:
      Server:
      - nginx
      Date:
      - Tue, 12 Apr 2016 22:20:34 GMT
      Content-Type:
      - application/json
      Transfer-Encoding:
      - chunked
      Connection:
      - keep-alive
      X-Ratelimit-Limit:
      - '0'
      X-Ratelimit-Remaining:
      - '0'
      Strict-Transport-Security:
      - max-age=0
    body:
      encoding: ASCII-8BIT
      string: '[{"name":"chef-12.8.1-1.powerpc.bff","path":"aix/6.1/chef-12.8.1-1.powerpc.bff","repo":"stable","package":"chef","version":"12.8.1","owner":"chef","created":"2016-03-10T14:16:34.323Z","size":109341696,"sha1":"1206f7be7be8bbece1e9943dcdc0d22fe538718b","sha256":"e49321095a04f51385a59b3f3d7223cd1bddefc2e2f4280edfb0934d00a4fa3f"},{"name":"chef-12.8.1-1.powerpc.bff.asc","path":"aix/6.1/chef-12.8.1-1.powerpc.bff.asc","repo":"stable","package":"chef","version":"12.8.1","owner":"chef","created":"2016-03-10T14:17:36.944Z","size":183,"sha1":"e0fcb6b1aaf6f5763f2832eccb9ea2c3bc2cead8","sha256":"8898f1e28c8cd84cffe59e2e7881d0d738b55c57ff8ab4e8b3124887a331fcf9"},{"name":"chef-12.8.1-1.powerpc.bff","path":"aix/7.1/chef-12.8.1-1.powerpc.bff","repo":"stable","package":"chef","version":"12.8.1","owner":"chef","created":"2016-03-10T14:16:35.894Z","size":109341696,"sha1":"1206f7be7be8bbece1e9943dcdc0d22fe538718b","sha256":"e49321095a04f51385a59b3f3d7223cd1bddefc2e2f4280edfb0934d00a4fa3f"},{"name":"chef-12.8.1-1.powerpc.bff.asc","path":"aix/7.1/chef-12.8.1-1.powerpc.bff.asc","repo":"stable","package":"chef","version":"12.8.1","owner":"chef","created":"2016-03-10T14:17:13.895Z","size":183,"sha1":"f1f5236890fee84c63250d529ed23b34b1a686f1","sha256":"4712e67be558668451f6644a8371a7d9718f6e5767411396c4f0df65d757b450"},{"name":"chef_12.8.1-1_amd64.deb","path":"debian/6/chef_12.8.1-1_amd64.deb","repo":"stable","package":"chef","version":"12.8.1","owner":"chef","created":"2016-03-10T14:16:10.357Z","size":55601162,"sha1":"31e9a2716c53389b73ae6330f722372e95474e69","sha256":"deb435b7fea2bf2bded4ed9f40691f7424e756cd75cad9fca407956c7b735c87"},{"name":"chef_12.8.1-1_amd64.deb.asc","path":"debian/6/chef_12.8.1-1_amd64.deb.asc","repo":"stable","package":"chef","version":"12.8.1","owner":"chef","created":"2016-03-10T14:16:40.886Z","size":183,"sha1":"6b9681f9a568461aa032752fe96e8c0c28bd5f57","sha256":"42a0fc73b471e1ed80bcdc4f8b18608469d7bffd7e26a289555a94bb0e12674c"},{"name":"chef_12.8.1-1_i386.deb","path":"debian/6/chef_12.8.1-1_i386.deb","repo":"stable","package":"chef","version":"12.8.1","owner":"chef","created":"2016-03-10T14:16:08.414Z","size":55070380,"sha1":"5ba2d623672cfd5240a79d127f5307510f3aed5e","sha256":"5d53a01e5d1b69d367a6a636cdbee3f0ed5514ec5121bc52d6f1fe5eed13f0cd"},{"name":"chef_12.8.1-1_i386.deb.asc","path":"debian/6/chef_12.8.1-1_i386.deb.asc","repo":"stable","package":"chef","version":"12.8.1","owner":"chef","created":"2016-03-10T14:16:28.135Z","size":183,"sha1":"928cd1bab9937601ef209f800a5c7f959c9f93f2","sha256":"e0cd5f85ad0db0c6a32815af50710b8b0426ee033a8a34416eb374775239eec6"},{"name":"chef_12.8.1-1_amd64.deb","path":"debian/7/chef_12.8.1-1_amd64.deb","repo":"stable","package":"chef","version":"12.8.1","owner":"chef","created":"2016-03-10T14:15:54.978Z","size":55601162,"sha1":"31e9a2716c53389b73ae6330f722372e95474e69","sha256":"deb435b7fea2bf2bded4ed9f40691f7424e756cd75cad9fca407956c7b735c87"},{"name":"chef_12.8.1-1_amd64.deb.asc","path":"debian/7/chef_12.8.1-1_amd64.deb.asc","repo":"stable","package":"chef","version":"12.8.1","owner":"chef","created":"2016-03-10T14:16:25.720Z","size":183,"sha1":"cc72dfcb5746f377308f33d13df7ce8ab32d0351","sha256":"eb8e7c13a9a6df15ca6619f89900c4d0f581213498675ba27ddd304f37474896"},{"name":"chef_12.8.1-1_i386.deb","path":"debian/7/chef_12.8.1-1_i386.deb","repo":"stable","package":"chef","version":"12.8.1","owner":"chef","created":"2016-03-10T14:15:55.672Z","size":55070380,"sha1":"5ba2d623672cfd5240a79d127f5307510f3aed5e","sha256":"5d53a01e5d1b69d367a6a636cdbee3f0ed5514ec5121bc52d6f1fe5eed13f0cd"},{"name":"chef_12.8.1-1_i386.deb.asc","path":"debian/7/chef_12.8.1-1_i386.deb.asc","repo":"stable","package":"chef","version":"12.8.1","owner":"chef","created":"2016-03-10T14:16:26.642Z","size":183,"sha1":"3399b8bd658fbfb958a1d6fef717f6bc3edffd88","sha256":"e953523cae7601a8aca1472aa390072691903a158c7a16748a0253d8d1b3e598"},{"name":"chef_12.8.1-1_amd64.deb","path":"debian/8/chef_12.8.1-1_amd64.deb","repo":"stable","package":"chef","version":"12.8.1","owner":"chef","created":"2016-03-10T14:16:09.806Z","size":55601162,"sha1":"31e9a2716c53389b73ae6330f722372e95474e69","sha256":"deb435b7fea2bf2bded4ed9f40691f7424e756cd75cad9fca407956c7b735c87"},{"name":"chef_12.8.1-1_amd64.deb.asc","path":"debian/8/chef_12.8.1-1_amd64.deb.asc","repo":"stable","package":"chef","version":"12.8.1","owner":"chef","created":"2016-03-10T14:16:41.630Z","size":183,"sha1":"e0cb34ce84cf528cf2b851508b54f44db5d8dcdf","sha256":"cf90775ed2905d9342c5e01b7ed91aaff2bcf842c78e2a27325149864e52b290"},{"name":"chef_12.8.1-1_i386.deb","path":"debian/8/chef_12.8.1-1_i386.deb","repo":"stable","package":"chef","version":"12.8.1","owner":"chef","created":"2016-03-10T14:15:56.302Z","size":55070380,"sha1":"5ba2d623672cfd5240a79d127f5307510f3aed5e","sha256":"5d53a01e5d1b69d367a6a636cdbee3f0ed5514ec5121bc52d6f1fe5eed13f0cd"},{"name":"chef_12.8.1-1_i386.deb.asc","path":"debian/8/chef_12.8.1-1_i386.deb.asc","repo":"stable","package":"chef","version":"12.8.1","owner":"chef","created":"2016-03-10T14:16:26.922Z","size":183,"sha1":"bcf6c199b1ee2a5c04e3bd31ae950943d27630db","sha256":"883115339ebba92044773247ed51f1a17c90d472281cc5b831584033d0ae07ee"},{"name":"chef-12.8.1-1.el5.i386.rpm","path":"el/5/chef-12.8.1-1.el5.i386.rpm","repo":"stable","package":"chef","version":"12.8.1","owner":"chef","created":"2016-03-10T14:16:08.210Z","size":56369972,"sha1":"ddca37c1e01755a4f100774dd99763b790e6e9e6","sha256":"31a408cf2edc516d37cc3bf0ff4d2a02b3002203af37e743eec89ff56e83b59b"},{"name":"chef-12.8.1-1.el5.i386.rpm.asc","path":"el/5/chef-12.8.1-1.el5.i386.rpm.asc","repo":"stable","package":"chef","version":"12.8.1","owner":"chef","created":"2016-03-10T14:17:03.703Z","size":183,"sha1":"5b305ae1cc16cac0d2429e2f51579a7ec138aeb0","sha256":"3b2c7101ad1b5c970174269352c4bd22a12da4fb286886ae65123a7a87d14f78"},{"name":"chef-12.8.1-1.el5.x86_64.rpm","path":"el/5/chef-12.8.1-1.el5.x86_64.rpm","repo":"stable","package":"chef","version":"12.8.1","owner":"chef","created":"2016-03-10T14:16:22.819Z","size":57535706,"sha1":"b396b50efcc4a53b6f84da88351f9025d3205bd0","sha256":"d838ab04f56aea9c65ed296e0bcd6b9ab57fc28073188625c3cead7eb2c3bc90"},{"name":"chef-12.8.1-1.el5.x86_64.rpm.asc","path":"el/5/chef-12.8.1-1.el5.x86_64.rpm.asc","repo":"stable","package":"chef","version":"12.8.1","owner":"chef","created":"2016-03-10T14:16:53.789Z","size":183,"sha1":"26c832ebea36c75e6072318f910a2b1ad370021d","sha256":"f3e5e7dfe5deb7098ca141e87376237d93f61be5cfcd590a5b846bb73e669997"},{"name":"chef-12.8.1-1.el6.i386.rpm","path":"el/6/chef-12.8.1-1.el6.i386.rpm","repo":"stable","package":"chef","version":"12.8.1","owner":"chef","created":"2016-03-10T14:16:02.319Z","size":56564950,"sha1":"240ca0f413bcb2862a107e94f36a3eeed7ff9745","sha256":"ef78034c8f8fdf2101809ecb2402bbb45f5cceb4ab57e52423d5b4a299e342bb"},{"name":"chef-12.8.1-1.el6.i386.rpm.asc","path":"el/6/chef-12.8.1-1.el6.i386.rpm.asc","repo":"stable","package":"chef","version":"12.8.1","owner":"chef","created":"2016-03-10T14:16:32.981Z","size":183,"sha1":"a88c9f23d4a33dbd197c303d481e3b43c2766764","sha256":"41584a737e02849699e0ea4d4e45e285e1d0fa790223297a8bd3c23ea8441e5e"},{"name":"chef-12.8.1-1.el6.x86_64.rpm","path":"el/6/chef-12.8.1-1.el6.x86_64.rpm","repo":"stable","package":"chef","version":"12.8.1","owner":"chef","created":"2016-03-10T14:16:29.680Z","size":57469320,"sha1":"85167df37d9a4723b15370858b4e95fff836dc28","sha256":"43fa71d4f8f1cd71ce3c26512aa66d6c58bc080ecaca60214d0bf7392f1e7232"},{"name":"chef-12.8.1-1.el6.x86_64.rpm.asc","path":"el/6/chef-12.8.1-1.el6.x86_64.rpm.asc","repo":"stable","package":"chef","version":"12.8.1","owner":"chef","created":"2016-03-10T14:16:48.874Z","size":183,"sha1":"7a05f329b5d148c54d20071ea6d0d1553d34a9d0","sha256":"2b4aa73b7b0415e1c642533e0aa98c7ef702d861eedb7632877f5617e5c9ad7a"},{"name":"chef-12.8.1-1.el7.x86_64.rpm","path":"el/7/chef-12.8.1-1.el7.x86_64.rpm","repo":"stable","package":"chef","version":"12.8.1","owner":"chef","created":"2016-03-10T14:16:26.797Z","size":61354374,"sha1":"529f02f14d8af8ced469d615c61d1853183b47d2","sha256":"a9c80dfc45b5204684cb5344e77230ff3403a5f8d057dd063b0707d785ccd236"},{"name":"chef-12.8.1-1.el7.x86_64.rpm.asc","path":"el/7/chef-12.8.1-1.el7.x86_64.rpm.asc","repo":"stable","package":"chef","version":"12.8.1","owner":"chef","created":"2016-03-10T14:16:51.102Z","size":183,"sha1":"65283302fa5396b23a0c1799e2f7b44270e13ca1","sha256":"571ee788459f0594accb5a2947e1a534c3e5cd0eb7a17ce6ef2ef85ffeae7fda"},{"name":"chef-12.8.1_1.amd64.sh","path":"freebsd/10/chef-12.8.1_1.amd64.sh","repo":"stable","package":"chef","version":"12.8.1","owner":"chef","created":"2016-03-10T14:16:05.987Z","size":48012041,"sha1":"4eabcc7c70baa7113da4d6d127da462fb7d23409","sha256":"95468781a22ccf96e200d1f5ed6472d49b0055b35b64babb496163de98a66bca"},{"name":"chef-12.8.1_1.amd64.sh.asc","path":"freebsd/10/chef-12.8.1_1.amd64.sh.asc","repo":"stable","package":"chef","version":"12.8.1","owner":"chef","created":"2016-03-10T14:16:42.827Z","size":183,"sha1":"76d15feaa4b183705e3b388afe8d74dc0895821d","sha256":"485a10fb0324b56245d04646e75a570c1fed5957ff9a22727267df1021bb243f"},{"name":"chef-12.8.1_1.i386.sh","path":"freebsd/10/chef-12.8.1_1.i386.sh","repo":"stable","package":"chef","version":"12.8.1","owner":"chef","created":"2016-03-10T14:16:03.580Z","size":47205825,"sha1":"2ee401fb938c70d1a2d87b8b0a85f1559776c1da","sha256":"ab4b879cf3f5269c378f011764de9898e5ba6ff68ba24248bb14510baa7547dd"},{"name":"chef-12.8.1_1.i386.sh.asc","path":"freebsd/10/chef-12.8.1_1.i386.sh.asc","repo":"stable","package":"chef","version":"12.8.1","owner":"chef","created":"2016-03-10T14:16:34.943Z","size":183,"sha1":"f19a9ee492fb09c0633dcc44998ba2938008b385","sha256":"fdc10f45deb6465ca7443ac37ffa087ae9e6e5ffd12292ddd5d6d6a89aace813"},{"name":"chef-12.8.1_1.amd64.sh","path":"freebsd/9/chef-12.8.1_1.amd64.sh","repo":"stable","package":"chef","version":"12.8.1","owner":"chef","created":"2016-03-10T14:16:04.543Z","size":47481047,"sha1":"367f37152d34d1f854f0f0c92a3059080667f74a","sha256":"afec1d7a2198d2518c7765cb1e9862127e53a1b57dcfe8321b02750eb198a658"},{"name":"chef-12.8.1_1.amd64.sh.asc","path":"freebsd/9/chef-12.8.1_1.amd64.sh.asc","repo":"stable","package":"chef","version":"12.8.1","owner":"chef","created":"2016-03-10T14:16:22.917Z","size":183,"sha1":"dbf56d280cabeccfa5cfe9e4939295a08dbefae7","sha256":"ed00810663c17e4aa706880d9194a35261608c1ba69f78632a539c7233ab4c00"},{"name":"chef-12.8.1_1.i386.sh","path":"freebsd/9/chef-12.8.1_1.i386.sh","repo":"stable","package":"chef","version":"12.8.1","owner":"chef","created":"2016-03-10T14:16:07.926Z","size":46795323,"sha1":"d4edf1c4ba3a7c0ae41c5b7a76ff245bb6fc29c1","sha256":"f9444981bf0cffffa00208809d2cdac32b47eaf304c6eb7e26cc71d0cf8adffb"},{"name":"chef-12.8.1_1.i386.sh.asc","path":"freebsd/9/chef-12.8.1_1.i386.sh.asc","repo":"stable","package":"chef","version":"12.8.1","owner":"chef","created":"2016-03-10T14:16:54.592Z","size":183,"sha1":"b0da9774dfbaef056dd72c758a0b67db7a11f332","sha256":"c30777b588bf1c0b09c706f18604af262c56ea656ea3a030ebe422a9cbe422ef"},{"name":"chef-12.8.1-1.ios_xr6.x86_64.rpm","path":"ios_xr/6/chef-12.8.1-1.ios_xr6.x86_64.rpm","repo":"stable","package":"chef","version":"12.8.1","owner":"chef","created":"2016-03-10T14:16:06.578Z","size":60685870,"sha1":"18b8286b0ac68d7d95a09ddb21333f575bf1e423","sha256":"b96d614cb5ebe896a3bc0360d0df36ca791f87efa6fe27ff6f0d90ca428fa38c"},{"name":"chef-12.8.1-1.ios_xr6.x86_64.rpm.asc","path":"ios_xr/6/chef-12.8.1-1.ios_xr6.x86_64.rpm.asc","repo":"stable","package":"chef","version":"12.8.1","owner":"chef","created":"2016-03-10T14:16:26.922Z","size":183,"sha1":"caf0f90ff15472104cc8248a4bee39920e11b14e","sha256":"b743b5a4dfdbf7be80418da2e4e2b286b5384b1a6824ef660daa6b055e0d8b57"},{"name":"chef-12.8.1-1.dmg","path":"mac_os_x/10.10/chef-12.8.1-1.dmg","repo":"stable","package":"chef","version":"12.8.1","owner":"chef","created":"2016-03-10T14:16:05.839Z","size":50557978,"sha1":"03997083a8172bf5ee8b90c8c6490c7788930ece","sha256":"7ff11ce98725031dce1ed4f4c2ad4935b548edc6b48e912f5eb65b3f942137e0"},{"name":"chef-12.8.1-1.dmg.asc","path":"mac_os_x/10.10/chef-12.8.1-1.dmg.asc","repo":"stable","package":"chef","version":"12.8.1","owner":"chef","created":"2016-03-10T14:16:46.798Z","size":183,"sha1":"efa20e709f8f7e1767f6793bacf7413bd9bbdd5e","sha256":"a1717bd2d7dcbc7e25ea5c93a7ad4bec9f8ac37485aba3abc2e775d3b58dda85"},{"name":"chef-12.8.1-1.dmg","path":"mac_os_x/10.11/chef-12.8.1-1.dmg","repo":"stable","package":"chef","version":"12.8.1","owner":"chef","created":"2016-03-10T14:16:07.683Z","size":50557978,"sha1":"03997083a8172bf5ee8b90c8c6490c7788930ece","sha256":"7ff11ce98725031dce1ed4f4c2ad4935b548edc6b48e912f5eb65b3f942137e0"},{"name":"chef-12.8.1-1.dmg.asc","path":"mac_os_x/10.11/chef-12.8.1-1.dmg.asc","repo":"stable","package":"chef","version":"12.8.1","owner":"chef","created":"2016-03-10T14:17:06.809Z","size":183,"sha1":"7444fb429895a15c3dfaec4f587bc2bdd592582e","sha256":"61baeeb114b79664a160739320e4905e41dd9f46554cd09e01dd88f730116992"},{"name":"chef-12.8.1-1.dmg","path":"mac_os_x/10.9/chef-12.8.1-1.dmg","repo":"stable","package":"chef","version":"12.8.1","owner":"chef","created":"2016-03-10T14:16:08.865Z","size":50557978,"sha1":"03997083a8172bf5ee8b90c8c6490c7788930ece","sha256":"7ff11ce98725031dce1ed4f4c2ad4935b548edc6b48e912f5eb65b3f942137e0"},{"name":"chef-12.8.1-1.dmg.asc","path":"mac_os_x/10.9/chef-12.8.1-1.dmg.asc","repo":"stable","package":"chef","version":"12.8.1","owner":"chef","created":"2016-03-10T14:16:25.852Z","size":183,"sha1":"4a3ef9bbaeff4029f7086c5168711c55032d70f7","sha256":"a26b0dc246e9a3901dac2856903860a6006e92a8202e27a92dde418806fdcf43"},{"name":"chef-12.8.1-1.nexus7.x86_64.rpm","path":"nexus/7/chef-12.8.1-1.nexus7.x86_64.rpm","repo":"stable","package":"chef","version":"12.8.1","owner":"chef","created":"2016-03-10T14:16:20.186Z","size":58158866,"sha1":"79766e3272e9ebe97729b5bf4a857a0e20b683fc","sha256":"8494fc0fcd35566144efb317820d62a966a04c18401064000853a55b6852bcd8"},{"name":"chef-12.8.1-1.nexus7.x86_64.rpm.asc","path":"nexus/7/chef-12.8.1-1.nexus7.x86_64.rpm.asc","repo":"stable","package":"chef","version":"12.8.1","owner":"chef","created":"2016-03-10T14:16:50.906Z","size":183,"sha1":"0cb1e5551a80bad6558e42253e570702c39020d8","sha256":"efa3a156f6f6aa5931e7aefe156086797ed6a0f1e385fdc63974cd45df7ef5a9"},{"name":"chef-12.8.1-1.i386.solaris","path":"solaris2/5.10/chef-12.8.1-1.i386.solaris","repo":"stable","package":"chef","version":"12.8.1","owner":"chef","created":"2016-03-10T14:16:36.225Z","size":146289152,"sha1":"88566e1b63fcc48946deee06d8b819888d10962d","sha256":"96e242773335e13d46bcb7ae7dc63eefefcbf1979f6100920c07ff424a4583c2"},{"name":"chef-12.8.1-1.i386.solaris.asc","path":"solaris2/5.10/chef-12.8.1-1.i386.solaris.asc","repo":"stable","package":"chef","version":"12.8.1","owner":"chef","created":"2016-03-10T14:17:17.026Z","size":183,"sha1":"ae22821c855de539e6e260974786fa5f03e81a63","sha256":"a2a90d88bf5252da9560afd376d89c7e82e46bdc605324f427b72dba95e291ff"},{"name":"chef-12.8.1-1.sparc.solaris","path":"solaris2/5.10/chef-12.8.1-1.sparc.solaris","repo":"stable","package":"chef","version":"12.8.1","owner":"chef","created":"2016-03-10T14:16:33.277Z","size":153232896,"sha1":"132fb243de2f8e38d64da44ea1d8edf9a0a9abf6","sha256":"29948c236b0f467f7679f02823aa58dfebff3e088b0abe643c7147eb8fe31b7a"},{"name":"chef-12.8.1-1.sparc.solaris.asc","path":"solaris2/5.10/chef-12.8.1-1.sparc.solaris.asc","repo":"stable","package":"chef","version":"12.8.1","owner":"chef","created":"2016-03-10T14:17:36.682Z","size":183,"sha1":"24c6f715330bc4d311725692b54c526dcaf3f486","sha256":"4773e20c1d68572aeb9e3e7e082ae6c2df6db052c3a6d0dc51f237b333c9664a"},{"name":"chef-12.8.1-1.i386.solaris","path":"solaris2/5.11/chef-12.8.1-1.i386.solaris","repo":"stable","package":"chef","version":"12.8.1","owner":"chef","created":"2016-03-10T14:16:41.264Z","size":146289152,"sha1":"88566e1b63fcc48946deee06d8b819888d10962d","sha256":"96e242773335e13d46bcb7ae7dc63eefefcbf1979f6100920c07ff424a4583c2"},{"name":"chef-12.8.1-1.i386.solaris.asc","path":"solaris2/5.11/chef-12.8.1-1.i386.solaris.asc","repo":"stable","package":"chef","version":"12.8.1","owner":"chef","created":"2016-03-10T14:17:22.177Z","size":183,"sha1":"f62a8724f658c684311f13e7df1d82e9a7374e83","sha256":"56a7eac7817a421543ec370c31d2199721f9b76d775c1be2a9bb1029496a62d0"},{"name":"chef-12.8.1-1.sparc.solaris","path":"solaris2/5.11/chef-12.8.1-1.sparc.solaris","repo":"stable","package":"chef","version":"12.8.1","owner":"chef","created":"2016-03-10T14:16:38.270Z","size":153232896,"sha1":"132fb243de2f8e38d64da44ea1d8edf9a0a9abf6","sha256":"29948c236b0f467f7679f02823aa58dfebff3e088b0abe643c7147eb8fe31b7a"},{"name":"chef-12.8.1-1.sparc.solaris.asc","path":"solaris2/5.11/chef-12.8.1-1.sparc.solaris.asc","repo":"stable","package":"chef","version":"12.8.1","owner":"chef","created":"2016-03-10T14:17:16.103Z","size":183,"sha1":"72cadb56a72ec59c7a799405722adac8220af856","sha256":"b997433ebd2c0dc837c2a954c09869c1fb05e47a2f7c394bf457bfabfa9f75f2"},{"name":"chef_12.8.1-1_amd64.deb","path":"ubuntu/10.04/chef_12.8.1-1_amd64.deb","repo":"stable","package":"chef","version":"12.8.1","owner":"chef","created":"2016-03-10T14:16:14.939Z","size":55652640,"sha1":"d202d57512b6a2d795d0fb6df566ca906745c7d8","sha256":"92b7f3eba0a62b20eced2eae03ec2a5e382da4b044c38c20d2902393683c77f7"},{"name":"chef_12.8.1-1_amd64.deb.asc","path":"ubuntu/10.04/chef_12.8.1-1_amd64.deb.asc","repo":"stable","package":"chef","version":"12.8.1","owner":"chef","created":"2016-03-10T14:16:37.767Z","size":183,"sha1":"ba11d930746c9934293ed550ea559c8c1c18c558","sha256":"3fc34a8933ecf8cb2c717edead16fff3ad9e8c0196a026889f0c16d69da877dc"},{"name":"chef_12.8.1-1_i386.deb","path":"ubuntu/10.04/chef_12.8.1-1_i386.deb","repo":"stable","package":"chef","version":"12.8.1","owner":"chef","created":"2016-03-10T14:16:17.997Z","size":55151680,"sha1":"b7ab5ad5b5eeccfb0f657b3884c16b55fe168811","sha256":"0f39e15266d26e07b0079fa64b6ce148832b4a0a7813fad6aba7c79f7752ef00"},{"name":"chef_12.8.1-1_i386.deb.asc","path":"ubuntu/10.04/chef_12.8.1-1_i386.deb.asc","repo":"stable","package":"chef","version":"12.8.1","owner":"chef","created":"2016-03-10T14:16:48.683Z","size":183,"sha1":"cc4e293ceb5aa5efdc5fd66554de565682f4aae2","sha256":"98e7abcb02a1f017e9afc20c62f14e0d23856afe04c9cef673d6542bed61c713"},{"name":"chef_12.8.1-1_amd64.deb","path":"ubuntu/12.04/chef_12.8.1-1_amd64.deb","repo":"stable","package":"chef","version":"12.8.1","owner":"chef","created":"2016-03-10T14:16:27.614Z","size":55652640,"sha1":"d202d57512b6a2d795d0fb6df566ca906745c7d8","sha256":"92b7f3eba0a62b20eced2eae03ec2a5e382da4b044c38c20d2902393683c77f7"},{"name":"chef_12.8.1-1_amd64.deb.asc","path":"ubuntu/12.04/chef_12.8.1-1_amd64.deb.asc","repo":"stable","package":"chef","version":"12.8.1","owner":"chef","created":"2016-03-10T14:16:45.424Z","size":183,"sha1":"b25a512bc56b7cdeddd1ad25de34824f90ebe7a5","sha256":"d72dc96b4afd7ee5246eea3453906e295801611e05d52b456ebfeb63ee3b66c9"},{"name":"chef_12.8.1-1_i386.deb","path":"ubuntu/12.04/chef_12.8.1-1_i386.deb","repo":"stable","package":"chef","version":"12.8.1","owner":"chef","created":"2016-03-10T14:16:17.478Z","size":55151680,"sha1":"b7ab5ad5b5eeccfb0f657b3884c16b55fe168811","sha256":"0f39e15266d26e07b0079fa64b6ce148832b4a0a7813fad6aba7c79f7752ef00"},{"name":"chef_12.8.1-1_i386.deb.asc","path":"ubuntu/12.04/chef_12.8.1-1_i386.deb.asc","repo":"stable","package":"chef","version":"12.8.1","owner":"chef","created":"2016-03-10T14:16:47.858Z","size":183,"sha1":"c11d98259b3310fef16d09789cf84327e9b37ce7","sha256":"6aefe848592d14bab9d9859c43f1a3f192b2107555adb5621ce77f3b38664ed8"},{"name":"chef_12.8.1-1_amd64.deb","path":"ubuntu/14.04/chef_12.8.1-1_amd64.deb","repo":"stable","package":"chef","version":"12.8.1","owner":"chef","created":"2016-03-10T14:16:35.907Z","size":55652640,"sha1":"d202d57512b6a2d795d0fb6df566ca906745c7d8","sha256":"92b7f3eba0a62b20eced2eae03ec2a5e382da4b044c38c20d2902393683c77f7"},{"name":"chef_12.8.1-1_amd64.deb.asc","path":"ubuntu/14.04/chef_12.8.1-1_amd64.deb.asc","repo":"stable","package":"chef","version":"12.8.1","owner":"chef","created":"2016-03-10T14:17:19.570Z","size":183,"sha1":"41077a93e98d95aae860ddd59c70bdbd22cf0d4c","sha256":"6237430acefbd91f4e1fcac05834355f8eb65c79d52ecb6ba7c7d598be594191"},{"name":"chef_12.8.1-1_i386.deb","path":"ubuntu/14.04/chef_12.8.1-1_i386.deb","repo":"stable","package":"chef","version":"12.8.1","owner":"chef","created":"2016-03-10T14:16:21.782Z","size":55151680,"sha1":"b7ab5ad5b5eeccfb0f657b3884c16b55fe168811","sha256":"0f39e15266d26e07b0079fa64b6ce148832b4a0a7813fad6aba7c79f7752ef00"},{"name":"chef_12.8.1-1_i386.deb.asc","path":"ubuntu/14.04/chef_12.8.1-1_i386.deb.asc","repo":"stable","package":"chef","version":"12.8.1","owner":"chef","created":"2016-03-10T14:16:52.688Z","size":183,"sha1":"2c7ff9a621546cc068c5b240427051405707a668","sha256":"0af20b34827c22916338167facb3bee9c1286d1ff831782f237049725f9168c9"},{"name":"chef-client-12.8.1-1-x64.msi","path":"windows/2008r2/chef-client-12.8.1-1-x64.msi","repo":"stable","package":"chef","version":"12.8.1","owner":"chef","created":"2016-03-10T14:16:40.104Z","size":190607360,"sha1":"5da14f36946849a3bb471d24810b0857c0376c69","sha256":"05aa2cd84842dcfa51ad1bbbf1f7fe54102a46bee11d4e0819561f88b284fec4"},{"name":"chef-client-12.8.1-1-x64.msi.asc","path":"windows/2008r2/chef-client-12.8.1-1-x64.msi.asc","repo":"stable","package":"chef","version":"12.8.1","owner":"chef","created":"2016-03-10T14:17:31.437Z","size":183,"sha1":"641e5f8f987217f484afde739a155ad5a8430ded","sha256":"849cf09c114110941a864debd6d1112fd6c81902873811c803b2cd1dfc1217b8"},{"name":"chef-client-12.8.1-1-x86.msi","path":"windows/2008r2/chef-client-12.8.1-1-x86.msi","repo":"stable","package":"chef","version":"12.8.1","owner":"chef","created":"2016-03-10T14:16:27.990Z","size":106037248,"sha1":"90262264e2f63b4c38cfca2bc5623d78cc014d0d","sha256":"8206e7027c15465131721ccc4cec2a0a8a0c5163b35c859dd362b196c07040fa"},{"name":"chef-client-12.8.1-1-x86.msi.asc","path":"windows/2008r2/chef-client-12.8.1-1-x86.msi.asc","repo":"stable","package":"chef","version":"12.8.1","owner":"chef","created":"2016-03-10T14:17:20.162Z","size":183,"sha1":"9ecec1a4f73de8ef869c3221116ed89a5dd05709","sha256":"724977223d3836626d777231539fbfeae86e54836d654868c44bf9a043b20a60"},{"name":"chef-client-12.8.1-1-x64.msi","path":"windows/2012/chef-client-12.8.1-1-x64.msi","repo":"stable","package":"chef","version":"12.8.1","owner":"chef","created":"2016-03-10T14:16:43.093Z","size":190607360,"sha1":"5da14f36946849a3bb471d24810b0857c0376c69","sha256":"05aa2cd84842dcfa51ad1bbbf1f7fe54102a46bee11d4e0819561f88b284fec4"},{"name":"chef-client-12.8.1-1-x64.msi.asc","path":"windows/2012/chef-client-12.8.1-1-x64.msi.asc","repo":"stable","package":"chef","version":"12.8.1","owner":"chef","created":"2016-03-10T14:17:42.231Z","size":183,"sha1":"3a264c5437a953058bcdd75034f8778b25e48df9","sha256":"749da95ebe91501ae783c4fe4a89d1d08e70039ed3ecfe986ba21b56ae5a8f78"},{"name":"chef-client-12.8.1-1-x86.msi","path":"windows/2012/chef-client-12.8.1-1-x86.msi","repo":"stable","package":"chef","version":"12.8.1","owner":"chef","created":"2016-03-10T14:17:05.479Z","size":106037248,"sha1":"90262264e2f63b4c38cfca2bc5623d78cc014d0d","sha256":"8206e7027c15465131721ccc4cec2a0a8a0c5163b35c859dd362b196c07040fa"},{"name":"chef-client-12.8.1-1-x86.msi.asc","path":"windows/2012/chef-client-12.8.1-1-x86.msi.asc","repo":"stable","package":"chef","version":"12.8.1","owner":"chef","created":"2016-03-10T14:17:31.508Z","size":183,"sha1":"cb3d5ad35616e58e0799794a78bfbde89668ff3c","sha256":"a5758463ea306620f3c26abf7ecf9b640e8fb6c9d7e5e8185831e2b86e3ff30a"},{"name":"chef-client-12.8.1-1-x64.msi","path":"windows/2012r2/chef-client-12.8.1-1-x64.msi","repo":"stable","package":"chef","version":"12.8.1","owner":"chef","created":"2016-03-10T14:16:29.406Z","size":190607360,"sha1":"5da14f36946849a3bb471d24810b0857c0376c69","sha256":"05aa2cd84842dcfa51ad1bbbf1f7fe54102a46bee11d4e0819561f88b284fec4"},{"name":"chef-client-12.8.1-1-x64.msi.asc","path":"windows/2012r2/chef-client-12.8.1-1-x64.msi.asc","repo":"stable","package":"chef","version":"12.8.1","owner":"chef","created":"2016-03-10T14:17:38.444Z","size":183,"sha1":"faf53a00647f5f26761020694cb5b2ce84502235","sha256":"37b22c797ba9497e05376a3875ccbbd1f4234eef8d4e6070be149be2c6784b1e"},{"name":"chef-client-12.8.1-1-x86.msi","path":"windows/2012r2/chef-client-12.8.1-1-x86.msi","repo":"stable","package":"chef","version":"12.8.1","owner":"chef","created":"2016-03-10T14:16:36.223Z","size":106037248,"sha1":"90262264e2f63b4c38cfca2bc5623d78cc014d0d","sha256":"8206e7027c15465131721ccc4cec2a0a8a0c5163b35c859dd362b196c07040fa"},{"name":"chef-client-12.8.1-1-x86.msi.asc","path":"windows/2012r2/chef-client-12.8.1-1-x86.msi.asc","repo":"stable","package":"chef","version":"12.8.1","owner":"chef","created":"2016-03-10T14:17:23.860Z","size":183,"sha1":"533b8c4f9a8430746822a80960acac18b7410e66","sha256":"c5b995e94e2d3fe8978a8f5a7b072ffa0e8a6dfe9d772ffc72a429df357b3592"}]'
    http_version: 
  recorded_at: Tue, 12 Apr 2016 22:20:34 GMT
- request:
    method: get
    uri: https://mixlib-install%40chef:a83d3a2ffad50eb9a2230f281a2e19b70fe0db2d@bintray.com/api/v1/packages/chef/stable/chef/versions/_latest
    body:
      encoding: US-ASCII
      string: ''
    headers:
      Accept-Encoding:
      - gzip;q=1.0,deflate;q=0.6,identity;q=0.3
      Accept:
      - "*/*"
      User-Agent:
      - Ruby
  response:
    status:
      code: 200
      message: OK
    headers:
      Server:
      - nginx
      Date:
      - Mon, 18 Apr 2016 18:44:40 GMT
      Content-Type:
      - application/json
      Transfer-Encoding:
      - chunked
      Connection:
      - keep-alive
      X-Ratelimit-Limit:
      - '0'
      X-Ratelimit-Remaining:
      - '0'
      Strict-Transport-Security:
      - max-age=0
    body:
      encoding: ASCII-8BIT
      string: '{"name":"12.9.38","desc":"","package":"chef","repo":"stable","owner":"chef","labels":[],"attribute_names":["project","version","iteration"],"created":"2016-04-13T15:30:29.243Z","updated":"2016-04-13T15:32:51.004Z","released":"","ordinal":68.0}'
    http_version: 
  recorded_at: Mon, 18 Apr 2016 18:44:40 GMT
- request:
    method: get
    uri: https://mixlib-install%40chef:a83d3a2ffad50eb9a2230f281a2e19b70fe0db2d@bintray.com/api/v1/packages/chef/stable/chef/versions/12.9.38/files
    body:
      encoding: US-ASCII
      string: ''
    headers:
      Accept-Encoding:
      - gzip;q=1.0,deflate;q=0.6,identity;q=0.3
      Accept:
      - "*/*"
      User-Agent:
      - Ruby
  response:
    status:
      code: 200
      message: OK
    headers:
      Server:
      - nginx
      Date:
      - Mon, 18 Apr 2016 18:44:40 GMT
      Content-Type:
      - application/json
      Transfer-Encoding:
      - chunked
      Connection:
      - keep-alive
      X-Ratelimit-Limit:
      - '0'
      X-Ratelimit-Remaining:
      - '0'
      Strict-Transport-Security:
      - max-age=0
    body:
      encoding: ASCII-8BIT
      string: '[{"name":"chef-12.9.38-1.powerpc.bff","path":"aix/6.1/chef-12.9.38-1.powerpc.bff","repo":"stable","package":"chef","version":"12.9.38","owner":"chef","created":"2016-04-13T15:31:08.949Z","size":96487936,"sha1":"e6622d1ac5697408df7c55bf07eedda3699551d3","sha256":"008f2d4229baa4ac2bb2e00adea3c35af5a195feb6a82766a2afeae5c11d1a05"},{"name":"chef-12.9.38-1.powerpc.bff.asc","path":"aix/6.1/chef-12.9.38-1.powerpc.bff.asc","repo":"stable","package":"chef","version":"12.9.38","owner":"chef","created":"2016-04-13T15:31:40.232Z","size":183,"sha1":"9237697f20c2bd179b8be7758ba0a4f8b96eef01","sha256":"23a8210ed24a83bb892cce9d0203c2c6a1572592ca22f1903a36e3d6b46e5bff"},{"name":"chef-12.9.38-1.powerpc.bff","path":"aix/7.1/chef-12.9.38-1.powerpc.bff","repo":"stable","package":"chef","version":"12.9.38","owner":"chef","created":"2016-04-13T15:31:12.426Z","size":96487936,"sha1":"e6622d1ac5697408df7c55bf07eedda3699551d3","sha256":"008f2d4229baa4ac2bb2e00adea3c35af5a195feb6a82766a2afeae5c11d1a05"},{"name":"chef-12.9.38-1.powerpc.bff.asc","path":"aix/7.1/chef-12.9.38-1.powerpc.bff.asc","repo":"stable","package":"chef","version":"12.9.38","owner":"chef","created":"2016-04-13T15:31:43.201Z","size":183,"sha1":"6b3afb050313c534c46825d4a3bdd5671bf788ef","sha256":"ba1c9f0afffa2cb17a7b6cbd64a8f584f924805828ce6d21153bdd37cce17dc8"},{"name":"chef_12.9.38-1_amd64.deb","path":"debian/6/chef_12.9.38-1_amd64.deb","repo":"stable","package":"chef","version":"12.9.38","owner":"chef","created":"2016-04-13T15:30:47.386Z","size":52214332,"sha1":"ee9f52e9fabec20979c1b79e91d57d055a87896f","sha256":"6ee8e2f463593f5a78aa3c085348803933e9424c637da37e92dce2db792beaf9"},{"name":"chef_12.9.38-1_amd64.deb.asc","path":"debian/6/chef_12.9.38-1_amd64.deb.asc","repo":"stable","package":"chef","version":"12.9.38","owner":"chef","created":"2016-04-13T15:31:28.048Z","size":183,"sha1":"b847ebea10a0cc4fd6addbb4a8517b5b300d09a1","sha256":"6eea3ed30b3269c55e15b8d556f9effdf8ee47c2e0716106e6e9e7a4a372c5f8"},{"name":"chef_12.9.38-1_i386.deb","path":"debian/6/chef_12.9.38-1_i386.deb","repo":"stable","package":"chef","version":"12.9.38","owner":"chef","created":"2016-04-13T15:30:53.073Z","size":51822818,"sha1":"a070dfed6977e0364477451a7231a768d0528f46","sha256":"abb75643a1c725fc7c411ed8a4824d9417693973fae17448a71b6cffed34f00a"},{"name":"chef_12.9.38-1_i386.deb.asc","path":"debian/6/chef_12.9.38-1_i386.deb.asc","repo":"stable","package":"chef","version":"12.9.38","owner":"chef","created":"2016-04-13T15:31:07.593Z","size":183,"sha1":"7321cffa5102f971188bb6630f357c83cf31a6ca","sha256":"4aec893a080977c23b7c34abee725f99b4b74d58a2121444fee8959f9094e675"},{"name":"chef_12.9.38-1_amd64.deb","path":"debian/7/chef_12.9.38-1_amd64.deb","repo":"stable","package":"chef","version":"12.9.38","owner":"chef","created":"2016-04-13T15:30:49.088Z","size":52214332,"sha1":"ee9f52e9fabec20979c1b79e91d57d055a87896f","sha256":"6ee8e2f463593f5a78aa3c085348803933e9424c637da37e92dce2db792beaf9"},{"name":"chef_12.9.38-1_amd64.deb.asc","path":"debian/7/chef_12.9.38-1_amd64.deb.asc","repo":"stable","package":"chef","version":"12.9.38","owner":"chef","created":"2016-04-13T15:31:03.685Z","size":183,"sha1":"91a65ecf2c95dced4afa84af886b7e03c4f86ac1","sha256":"467e017b5392c87387df148c342853e35940e73c642f7325c233666c5c290e80"},{"name":"chef_12.9.38-1_i386.deb","path":"debian/7/chef_12.9.38-1_i386.deb","repo":"stable","package":"chef","version":"12.9.38","owner":"chef","created":"2016-04-13T15:31:03.767Z","size":51822818,"sha1":"a070dfed6977e0364477451a7231a768d0528f46","sha256":"abb75643a1c725fc7c411ed8a4824d9417693973fae17448a71b6cffed34f00a"},{"name":"chef_12.9.38-1_i386.deb.asc","path":"debian/7/chef_12.9.38-1_i386.deb.asc","repo":"stable","package":"chef","version":"12.9.38","owner":"chef","created":"2016-04-13T15:31:34.541Z","size":183,"sha1":"c244026deabb605e4cbbcd220588610da6a92f68","sha256":"0b36c53fea3781b3dc9b5a7ee29d6c9c055805ed4bdedeb786723e1e6a45cd81"},{"name":"chef_12.9.38-1_amd64.deb","path":"debian/8/chef_12.9.38-1_amd64.deb","repo":"stable","package":"chef","version":"12.9.38","owner":"chef","created":"2016-04-13T15:31:05.599Z","size":52214332,"sha1":"ee9f52e9fabec20979c1b79e91d57d055a87896f","sha256":"6ee8e2f463593f5a78aa3c085348803933e9424c637da37e92dce2db792beaf9"},{"name":"chef_12.9.38-1_amd64.deb.asc","path":"debian/8/chef_12.9.38-1_amd64.deb.asc","repo":"stable","package":"chef","version":"12.9.38","owner":"chef","created":"2016-04-13T15:31:36.196Z","size":183,"sha1":"af235c2878dd6ccfb9d3430f4f98c901585d33ed","sha256":"366d460b969da5530372d63119d09f79470fb67bd9237b19e7989138df9b11a5"},{"name":"chef_12.9.38-1_i386.deb","path":"debian/8/chef_12.9.38-1_i386.deb","repo":"stable","package":"chef","version":"12.9.38","owner":"chef","created":"2016-04-13T15:31:13.693Z","size":51822818,"sha1":"a070dfed6977e0364477451a7231a768d0528f46","sha256":"abb75643a1c725fc7c411ed8a4824d9417693973fae17448a71b6cffed34f00a"},{"name":"chef_12.9.38-1_i386.deb.asc","path":"debian/8/chef_12.9.38-1_i386.deb.asc","repo":"stable","package":"chef","version":"12.9.38","owner":"chef","created":"2016-04-13T15:31:26.012Z","size":183,"sha1":"c87ee359e52c5fb6a826d5308966f825f7fec521","sha256":"72ba99facf11e3eb7fd29c62a6365d676e4f401bc592f32d3ad5be49c9e78650"},{"name":"chef-12.9.38-1.el5.i386.rpm","path":"el/5/chef-12.9.38-1.el5.i386.rpm","repo":"stable","package":"chef","version":"12.9.38","owner":"chef","created":"2016-04-13T15:31:09.159Z","size":53139515,"sha1":"7ba16c5d4be554b96d14e69aec7771f3941570ea","sha256":"0c4292450e082781ff49caa31ad88658fd02c2e232f04f0d35b3d1e9ed635c1b"},{"name":"chef-12.9.38-1.el5.i386.rpm.asc","path":"el/5/chef-12.9.38-1.el5.i386.rpm.asc","repo":"stable","package":"chef","version":"12.9.38","owner":"chef","created":"2016-04-13T15:31:28.325Z","size":183,"sha1":"db404655ac7fb9b41e860a2f5827dde3c665a5b1","sha256":"c6db4cf2ccba176e1cb89174a0b7d128b09f1b1ecca39fd09e7d95f2b680919f"},{"name":"chef-12.9.38-1.el5.x86_64.rpm","path":"el/5/chef-12.9.38-1.el5.x86_64.rpm","repo":"stable","package":"chef","version":"12.9.38","owner":"chef","created":"2016-04-13T15:31:04.563Z","size":54235110,"sha1":"c7b6b3190237d66e226b35d7edecbc9d12cbd83c","sha256":"985fa600355a16742b7936bc1e55470c920875d68c09b4d31fce46d2fc0c8b2b"},{"name":"chef-12.9.38-1.el5.x86_64.rpm.asc","path":"el/5/chef-12.9.38-1.el5.x86_64.rpm.asc","repo":"stable","package":"chef","version":"12.9.38","owner":"chef","created":"2016-04-13T15:31:22.038Z","size":183,"sha1":"dcc51d403a86e9f05dacfbc0fd7e0483e01acd52","sha256":"ac9bcc3a80f8e3f952b2f822c992de04def7fdf81abf8ac9db325a2b2d6fb97c"},{"name":"chef-12.9.38-1.el6.i386.rpm","path":"el/6/chef-12.9.38-1.el6.i386.rpm","repo":"stable","package":"chef","version":"12.9.38","owner":"chef","created":"2016-04-13T15:31:03.412Z","size":53385677,"sha1":"67b29d0118be8862cd03422e9438e1b087bdb644","sha256":"06b8eb85a6255e146b2a08fefb302d827c92f9bdd5e33115babc9d641cbc6252"},{"name":"chef-12.9.38-1.el6.i386.rpm.asc","path":"el/6/chef-12.9.38-1.el6.i386.rpm.asc","repo":"stable","package":"chef","version":"12.9.38","owner":"chef","created":"2016-04-13T15:31:34.261Z","size":183,"sha1":"1de6d3b45d5451b38914159e2c9142c22dfab2eb","sha256":"f3dcd33b08e9bb15788b162ad6d19d6d8fc910787b29ccf60dcc9f2af7a38928"},{"name":"chef-12.9.38-1.el6.x86_64.rpm","path":"el/6/chef-12.9.38-1.el6.x86_64.rpm","repo":"stable","package":"chef","version":"12.9.38","owner":"chef","created":"2016-04-13T15:30:57.092Z","size":54167052,"sha1":"2b859af3d6e99502b7a1d75671a4f629a224e9ad","sha256":"0aca8e46ff8ada7af09b0d65b6f7738eb7b25d269482000be1dee7aaba154011"},{"name":"chef-12.9.38-1.el6.x86_64.rpm.asc","path":"el/6/chef-12.9.38-1.el6.x86_64.rpm.asc","repo":"stable","package":"chef","version":"12.9.38","owner":"chef","created":"2016-04-13T15:31:31.461Z","size":183,"sha1":"2614890a0871003512f1d0cce3e5aa1f27df3967","sha256":"d5d1342a4bfd4907e50d5ad7190e08bf2e16484485e7ac98bb36910d8760479c"},{"name":"chef-12.9.38-1.el7.x86_64.rpm","path":"el/7/chef-12.9.38-1.el7.x86_64.rpm","repo":"stable","package":"chef","version":"12.9.38","owner":"chef","created":"2016-04-13T15:31:13.876Z","size":57999773,"sha1":"5907edce1a3b0f7bd42359fe64960da8833385e9","sha256":"1c3e680f106ab6829c3713307e447116f7bb3f2d9c30fd3943638b01d6246fe2"},{"name":"chef-12.9.38-1.el7.x86_64.rpm.asc","path":"el/7/chef-12.9.38-1.el7.x86_64.rpm.asc","repo":"stable","package":"chef","version":"12.9.38","owner":"chef","created":"2016-04-13T15:31:44.248Z","size":183,"sha1":"9274bc782cbc3f9a7b7ffe2a5e0f4a1fffb8a04a","sha256":"ee88a55c387952647000040ff70b03460db75875f92815ed3fbcef87f30a39ef"},{"name":"chef-12.9.38_1.amd64.sh","path":"freebsd/10/chef-12.9.38_1.amd64.sh","repo":"stable","package":"chef","version":"12.9.38","owner":"chef","created":"2016-04-13T15:31:13.947Z","size":44977705,"sha1":"c54476c2bbbcdcd1bd04ec3c8d11a72b8d70a3c8","sha256":"058ca9f3db1c2022b7e006424c6b488964084f13495c90e3142a4439603f26b2"},{"name":"chef-12.9.38_1.amd64.sh.asc","path":"freebsd/10/chef-12.9.38_1.amd64.sh.asc","repo":"stable","package":"chef","version":"12.9.38","owner":"chef","created":"2016-04-13T15:31:44.513Z","size":183,"sha1":"7b1e715f040ffe35f1a62051ecf0dee5b1fae3f1","sha256":"f5ccc773df126cb111ad8998f3ea1b3dbf36cb7f091915a11f4d0a04a6658b19"},{"name":"chef-12.9.38_1.i386.sh","path":"freebsd/10/chef-12.9.38_1.i386.sh","repo":"stable","package":"chef","version":"12.9.38","owner":"chef","created":"2016-04-13T15:31:02.091Z","size":44290556,"sha1":"c9011e321d39680cb06f799558740d7d64781f74","sha256":"7f4f20ae28b271450cfde801c1e51e088f6d3ec5b8b4c9794d0cd75688ab802b"},{"name":"chef-12.9.38_1.i386.sh.asc","path":"freebsd/10/chef-12.9.38_1.i386.sh.asc","repo":"stable","package":"chef","version":"12.9.38","owner":"chef","created":"2016-04-13T15:31:47.590Z","size":183,"sha1":"1b02899880106858bfc907e32235ad3b1717abef","sha256":"a57a6707ea53cb1aa0aa83cea39e795a65226990ff28f4a5d1196424a7a69cbe"},{"name":"chef-12.9.38_1.amd64.sh","path":"freebsd/9/chef-12.9.38_1.amd64.sh","repo":"stable","package":"chef","version":"12.9.38","owner":"chef","created":"2016-04-13T15:31:02.493Z","size":44401680,"sha1":"5a85e9baad3c9313a25e9636768daf727ec135e2","sha256":"90f2f0e2b7da0ca6b9b6f81bbcec66df1541b07dc08d4bba747bd311dbc0958a"},{"name":"chef-12.9.38_1.amd64.sh.asc","path":"freebsd/9/chef-12.9.38_1.amd64.sh.asc","repo":"stable","package":"chef","version":"12.9.38","owner":"chef","created":"2016-04-13T15:31:36.778Z","size":183,"sha1":"99d4545a63d103ef3092e103f4ab78a8810b85c3","sha256":"f2891ee5a586b8beef675cfc44aa945da5a4ead837c797140965d91725cba4c4"},{"name":"chef-12.9.38_1.i386.sh","path":"freebsd/9/chef-12.9.38_1.i386.sh","repo":"stable","package":"chef","version":"12.9.38","owner":"chef","created":"2016-04-13T15:30:52.178Z","size":43807743,"sha1":"5d179703829e9fa3a739393d8b2fd13a5b3e043b","sha256":"906eb3a09848365daee96573a5f56e1077f3951691af12689ae9ee1965283e28"},{"name":"chef-12.9.38_1.i386.sh.asc","path":"freebsd/9/chef-12.9.38_1.i386.sh.asc","repo":"stable","package":"chef","version":"12.9.38","owner":"chef","created":"2016-04-13T15:31:38.092Z","size":183,"sha1":"ade1c8cddee47540da98e997127b92f8d0cd1821","sha256":"44bf3e1a31fd9576b5159206f325aec81c7c22370bc3c0e834b11fe335c03b12"},{"name":"chef-12.9.38-1.ios_xr6.x86_64.rpm","path":"ios_xr/6/chef-12.9.38-1.ios_xr6.x86_64.rpm","repo":"stable","package":"chef","version":"12.9.38","owner":"chef","created":"2016-04-13T15:30:46.452Z","size":57296259,"sha1":"9fa1086e03c561a34c5809ce0c201f8b961ef718","sha256":"40139c3fa928df4b3d0b06b20618371ebe770576951bc985372eb9a16c7ae775"},{"name":"chef-12.9.38-1.ios_xr6.x86_64.rpm.asc","path":"ios_xr/6/chef-12.9.38-1.ios_xr6.x86_64.rpm.asc","repo":"stable","package":"chef","version":"12.9.38","owner":"chef","created":"2016-04-13T15:31:17.174Z","size":183,"sha1":"c3fb3d8f319258d79ffb8847ca043e3ce2b9a6fa","sha256":"18e727619066b30f7364c2bbbe4763643729f2eb4ad671dfa923b9ca9aa05dd6"},{"name":"chef-12.9.38-1.dmg","path":"mac_os_x/10.10/chef-12.9.38-1.dmg","repo":"stable","package":"chef","version":"12.9.38","owner":"chef","created":"2016-04-13T15:30:54.852Z","size":47792179,"sha1":"906358ca5607c09c86ba9015a60cec39563cabae","sha256":"ee9628a59a95ff0551434258a5e0a0e729af27567ac7c5e5e2f192078f949c1b"},{"name":"chef-12.9.38-1.dmg.asc","path":"mac_os_x/10.10/chef-12.9.38-1.dmg.asc","repo":"stable","package":"chef","version":"12.9.38","owner":"chef","created":"2016-04-13T15:31:02.874Z","size":183,"sha1":"15aa1185bac7fe64959063ba1d25e98a91a225b0","sha256":"6425c1192adfcdad32856bfe65e82584fb30594df404a97e26e02629efd3ce91"},{"name":"chef-12.9.38-1.dmg","path":"mac_os_x/10.11/chef-12.9.38-1.dmg","repo":"stable","package":"chef","version":"12.9.38","owner":"chef","created":"2016-04-13T15:30:44.127Z","size":47792179,"sha1":"906358ca5607c09c86ba9015a60cec39563cabae","sha256":"ee9628a59a95ff0551434258a5e0a0e729af27567ac7c5e5e2f192078f949c1b"},{"name":"chef-12.9.38-1.dmg.asc","path":"mac_os_x/10.11/chef-12.9.38-1.dmg.asc","repo":"stable","package":"chef","version":"12.9.38","owner":"chef","created":"2016-04-13T15:31:15.497Z","size":183,"sha1":"99a3b3aff4c980a54663b2f3d3c53689b33d71c1","sha256":"28a56ec7b082ebc0e370e1df9ba0143c51da68193199e46357476bac354e87aa"},{"name":"chef-12.9.38-1.dmg","path":"mac_os_x/10.9/chef-12.9.38-1.dmg","repo":"stable","package":"chef","version":"12.9.38","owner":"chef","created":"2016-04-13T15:30:59.525Z","size":47792179,"sha1":"906358ca5607c09c86ba9015a60cec39563cabae","sha256":"ee9628a59a95ff0551434258a5e0a0e729af27567ac7c5e5e2f192078f949c1b"},{"name":"chef-12.9.38-1.dmg.asc","path":"mac_os_x/10.9/chef-12.9.38-1.dmg.asc","repo":"stable","package":"chef","version":"12.9.38","owner":"chef","created":"2016-04-13T15:31:12.255Z","size":183,"sha1":"0a8d854d2e37164cd2d8b5caefe6ad5e0bc328b4","sha256":"acd9772c9a5d591c72dafeed47b79a9ba626f18be2d2b6fe2144625314951015"},{"name":"chef-12.9.38-1.nexus7.x86_64.rpm","path":"nexus/7/chef-12.9.38-1.nexus7.x86_64.rpm","repo":"stable","package":"chef","version":"12.9.38","owner":"chef","created":"2016-04-13T15:31:12.761Z","size":54801983,"sha1":"c4c711d563c8c7d4d78240e822caba1483504b4b","sha256":"f65633eae7cf513b631f6bea8735e238282b90d29cc2a5eb15a1b92dd23042be"},{"name":"chef-12.9.38-1.nexus7.x86_64.rpm.asc","path":"nexus/7/chef-12.9.38-1.nexus7.x86_64.rpm.asc","repo":"stable","package":"chef","version":"12.9.38","owner":"chef","created":"2016-04-13T15:31:31.366Z","size":183,"sha1":"d7a008991b5ae3512811a1635b47efcf39be1d4e","sha256":"2b2a0220443322f2878de4b298f8f30eb39611fa9587fec571bfccebcbb7e534"},{"name":"chef-12.9.38-1.i386.solaris","path":"solaris2/5.10/chef-12.9.38-1.i386.solaris","repo":"stable","package":"chef","version":"12.9.38","owner":"chef","created":"2016-04-13T15:31:20.989Z","size":130891776,"sha1":"b27c39e3fc1624c7b62001589fd1fa7ad56dd1f7","sha256":"0718754227fbdbf4e582384eda93a4ce869581764fa526c64dff4a576e4966ad"},{"name":"chef-12.9.38-1.i386.solaris.asc","path":"solaris2/5.10/chef-12.9.38-1.i386.solaris.asc","repo":"stable","package":"chef","version":"12.9.38","owner":"chef","created":"2016-04-13T15:32:28.730Z","size":183,"sha1":"3d849616dd9b9fb45863f4fabf3c754fbaee6121","sha256":"7c20afd9c6ecc19d8f976d5eebe23071afabf5148e43d4daf3a9bdbf5bd1b481"},{"name":"chef-12.9.38-1.sparc.solaris","path":"solaris2/5.10/chef-12.9.38-1.sparc.solaris","repo":"stable","package":"chef","version":"12.9.38","owner":"chef","created":"2016-04-13T15:31:27.070Z","size":136769536,"sha1":"c27b37d923915cf6a483d969c4b7b01d1c82b863","sha256":"00bb32a2c287962b48bfaaece290f085366f9e79c0388d4fbcedac1d19b74fd2"},{"name":"chef-12.9.38-1.sparc.solaris.asc","path":"solaris2/5.10/chef-12.9.38-1.sparc.solaris.asc","repo":"stable","package":"chef","version":"12.9.38","owner":"chef","created":"2016-04-13T15:32:04.972Z","size":183,"sha1":"bc68dbc600c0cf1c1919c216bed5bf43a509a51d","sha256":"d4fed3fdf9e7e07e2f2eed82b243a4ef8ea4f0f803644dd5f8d894208f1c9428"},{"name":"chef-12.9.38-1.i386.solaris","path":"solaris2/5.11/chef-12.9.38-1.i386.solaris","repo":"stable","package":"chef","version":"12.9.38","owner":"chef","created":"2016-04-13T15:31:20.352Z","size":130891776,"sha1":"b27c39e3fc1624c7b62001589fd1fa7ad56dd1f7","sha256":"0718754227fbdbf4e582384eda93a4ce869581764fa526c64dff4a576e4966ad"},{"name":"chef-12.9.38-1.sparc.solaris","path":"solaris2/5.11/chef-12.9.38-1.sparc.solaris","repo":"stable","package":"chef","version":"12.9.38","owner":"chef","created":"2016-04-13T15:31:29.117Z","size":136769536,"sha1":"c27b37d923915cf6a483d969c4b7b01d1c82b863","sha256":"00bb32a2c287962b48bfaaece290f085366f9e79c0388d4fbcedac1d19b74fd2"},{"name":"chef-12.9.38-1.sparc.solaris.asc","path":"solaris2/5.11/chef-12.9.38-1.sparc.solaris.asc","repo":"stable","package":"chef","version":"12.9.38","owner":"chef","created":"2016-04-13T15:32:00.173Z","size":183,"sha1":"27144ad57e31f4fd697787f16bb8cd250830aada","sha256":"c9f5d186f0bba6234b0ed524b1b3d829839e2006c0a04d801b986d84f24d96ce"},{"name":"chef_12.9.38-1_amd64.deb","path":"ubuntu/10.04/chef_12.9.38-1_amd64.deb","repo":"stable","package":"chef","version":"12.9.38","owner":"chef","created":"2016-04-13T15:31:12.688Z","size":52269038,"sha1":"99f26627718a3ea4464ab48f534fb24e3e3e4719","sha256":"255c065a9d23f3dd0df3090206fe4d48451c7d0af0035c237bd21a7d28133f2f"},{"name":"chef_12.9.38-1_amd64.deb.asc","path":"ubuntu/10.04/chef_12.9.38-1_amd64.deb.asc","repo":"stable","package":"chef","version":"12.9.38","owner":"chef","created":"2016-04-13T15:31:51.071Z","size":183,"sha1":"b65a374ba43607050e8329cb3bb28f867d56f276","sha256":"69f25a7a4094e9069dd6a681f366e54a188315286b6c036d07389fb7df5ce04f"},{"name":"chef_12.9.38-1_i386.deb","path":"ubuntu/10.04/chef_12.9.38-1_i386.deb","repo":"stable","package":"chef","version":"12.9.38","owner":"chef","created":"2016-04-13T15:30:45.775Z","size":51894396,"sha1":"e0c97871bee9649b9e1648af2ffef58c2f6ff34c","sha256":"e8546db8adf63b6a8ba177059abf8a4bf3e8b64f514930f9e699cd20a7cf858e"},{"name":"chef_12.9.38-1_i386.deb.asc","path":"ubuntu/10.04/chef_12.9.38-1_i386.deb.asc","repo":"stable","package":"chef","version":"12.9.38","owner":"chef","created":"2016-04-13T15:31:16.244Z","size":183,"sha1":"d17b1e2b2d9a3781f886eeb06785969b0b689337","sha256":"37bd38b570c6b5985159bfc50b8d29c03d97e2cddf8aebeb96636c1b76fee532"},{"name":"chef_12.9.38-1_amd64.deb","path":"ubuntu/12.04/chef_12.9.38-1_amd64.deb","repo":"stable","package":"chef","version":"12.9.38","owner":"chef","created":"2016-04-13T15:31:09.338Z","size":52269038,"sha1":"99f26627718a3ea4464ab48f534fb24e3e3e4719","sha256":"255c065a9d23f3dd0df3090206fe4d48451c7d0af0035c237bd21a7d28133f2f"},{"name":"chef_12.9.38-1_amd64.deb.asc","path":"ubuntu/12.04/chef_12.9.38-1_amd64.deb.asc","repo":"stable","package":"chef","version":"12.9.38","owner":"chef","created":"2016-04-13T15:31:18.399Z","size":183,"sha1":"7ff2cf6db6e5b4ed26c6f55eb01102263fd5af39","sha256":"4f51be70127bd6d5949efee128666def4ba10082e36968cebe61ab506da9d8b3"},{"name":"chef_12.9.38-1_i386.deb","path":"ubuntu/12.04/chef_12.9.38-1_i386.deb","repo":"stable","package":"chef","version":"12.9.38","owner":"chef","created":"2016-04-13T15:30:38.134Z","size":51894396,"sha1":"e0c97871bee9649b9e1648af2ffef58c2f6ff34c","sha256":"e8546db8adf63b6a8ba177059abf8a4bf3e8b64f514930f9e699cd20a7cf858e"},{"name":"chef_12.9.38-1_i386.deb.asc","path":"ubuntu/12.04/chef_12.9.38-1_i386.deb.asc","repo":"stable","package":"chef","version":"12.9.38","owner":"chef","created":"2016-04-13T15:31:09.183Z","size":183,"sha1":"2abf687c13a90911f6f40523856f4aff77c3914c","sha256":"eaca493a1a524482b1953106d10d8b75bedb52a3f772453ceae7a429e8ee80f2"},{"name":"chef_12.9.38-1_amd64.deb","path":"ubuntu/14.04/chef_12.9.38-1_amd64.deb","repo":"stable","package":"chef","version":"12.9.38","owner":"chef","created":"2016-04-13T15:30:48.858Z","size":52269038,"sha1":"99f26627718a3ea4464ab48f534fb24e3e3e4719","sha256":"255c065a9d23f3dd0df3090206fe4d48451c7d0af0035c237bd21a7d28133f2f"},{"name":"chef_12.9.38-1_amd64.deb.asc","path":"ubuntu/14.04/chef_12.9.38-1_amd64.deb.asc","repo":"stable","package":"chef","version":"12.9.38","owner":"chef","created":"2016-04-13T15:31:19.168Z","size":183,"sha1":"5a5e2d035f6d037bf37c8b3519536b1beae84fa6","sha256":"a75922fe8b7e7f4243f82f6bf799a56d9619295a5c91bd40426f8cd9b1d62af8"},{"name":"chef_12.9.38-1_i386.deb","path":"ubuntu/14.04/chef_12.9.38-1_i386.deb","repo":"stable","package":"chef","version":"12.9.38","owner":"chef","created":"2016-04-13T15:30:43.929Z","size":51894396,"sha1":"e0c97871bee9649b9e1648af2ffef58c2f6ff34c","sha256":"e8546db8adf63b6a8ba177059abf8a4bf3e8b64f514930f9e699cd20a7cf858e"},{"name":"chef_12.9.38-1_i386.deb.asc","path":"ubuntu/14.04/chef_12.9.38-1_i386.deb.asc","repo":"stable","package":"chef","version":"12.9.38","owner":"chef","created":"2016-04-13T15:31:15.224Z","size":183,"sha1":"b8e65c8466c220d88fd139c642276c4cfa3e5937","sha256":"467b2097504d79063ed3a5c0273a3fe0c80faa7b2aae6fbc598f0fec255a2fdc"},{"name":"chef-client-12.9.38-1-x64.msi","path":"windows/2008r2/chef-client-12.9.38-1-x64.msi","repo":"stable","package":"chef","version":"12.9.38","owner":"chef","created":"2016-04-13T15:31:32.858Z","size":188948480,"sha1":"377ca30ea6aa0a8576d11597c02174c21a60a75e","sha256":"f5e56d2ba084bb6351b21e5e5aa6e05ba146f0a1833322b17935ff9a40b5437d"},{"name":"chef-client-12.9.38-1-x64.msi.asc","path":"windows/2008r2/chef-client-12.9.38-1-x64.msi.asc","repo":"stable","package":"chef","version":"12.9.38","owner":"chef","created":"2016-04-13T15:32:15.821Z","size":183,"sha1":"f8cd0f22e7a96d829b6e0ecae85534e14eea14d8","sha256":"fe5666d45cc351b3d5aab51e9af8d505641090c7114f62f21301b75a53f2d81d"},{"name":"chef-client-12.9.38-1-x86.msi","path":"windows/2008r2/chef-client-12.9.38-1-x86.msi","repo":"stable","package":"chef","version":"12.9.38","owner":"chef","created":"2016-04-13T15:31:07.888Z","size":104321024,"sha1":"49a30ad350589484058fda89e99e33d47ca1bbc2","sha256":"32a642f28f100d8b52a3434a4ff8b8c5a8be81f11b2d7f47e0336f5f7f0f138e"},{"name":"chef-client-12.9.38-1-x86.msi.asc","path":"windows/2008r2/chef-client-12.9.38-1-x86.msi.asc","repo":"stable","package":"chef","version":"12.9.38","owner":"chef","created":"2016-04-13T15:31:55.910Z","size":183,"sha1":"e78ae581f982849409e6537429f7c071958c0f7b","sha256":"6c03a30b36e123927bee1a617bc3a99aed5ad2c18f6edefc46d229f0ee118f1c"},{"name":"chef-client-12.9.38-1-x64.msi","path":"windows/2012/chef-client-12.9.38-1-x64.msi","repo":"stable","package":"chef","version":"12.9.38","owner":"chef","created":"2016-04-13T15:31:26.123Z","size":188948480,"sha1":"377ca30ea6aa0a8576d11597c02174c21a60a75e","sha256":"f5e56d2ba084bb6351b21e5e5aa6e05ba146f0a1833322b17935ff9a40b5437d"},{"name":"chef-client-12.9.38-1-x64.msi.asc","path":"windows/2012/chef-client-12.9.38-1-x64.msi.asc","repo":"stable","package":"chef","version":"12.9.38","owner":"chef","created":"2016-04-13T15:32:24.966Z","size":183,"sha1":"b838aecf5aa64fb638e52460fb833a8a3791fe0a","sha256":"8bd8d11580a8ea653512960010f1c731301794f8adbd280f416013f31c5f4449"},{"name":"chef-client-12.9.38-1-x86.msi","path":"windows/2012/chef-client-12.9.38-1-x86.msi","repo":"stable","package":"chef","version":"12.9.38","owner":"chef","created":"2016-04-13T15:31:24.927Z","size":104321024,"sha1":"49a30ad350589484058fda89e99e33d47ca1bbc2","sha256":"32a642f28f100d8b52a3434a4ff8b8c5a8be81f11b2d7f47e0336f5f7f0f138e"},{"name":"chef-client-12.9.38-1-x86.msi.asc","path":"windows/2012/chef-client-12.9.38-1-x86.msi.asc","repo":"stable","package":"chef","version":"12.9.38","owner":"chef","created":"2016-04-13T15:32:29.047Z","size":183,"sha1":"369d10984b96686674a525a2df66bafb0d0c9894","sha256":"673797d8be60b98e69707647278fb54d249a9159523695a60562172e955edd3d"},{"name":"chef-client-12.9.38-1-x64.msi","path":"windows/2012r2/chef-client-12.9.38-1-x64.msi","repo":"stable","package":"chef","version":"12.9.38","owner":"chef","created":"2016-04-13T15:31:36.510Z","size":188948480,"sha1":"377ca30ea6aa0a8576d11597c02174c21a60a75e","sha256":"f5e56d2ba084bb6351b21e5e5aa6e05ba146f0a1833322b17935ff9a40b5437d"},{"name":"chef-client-12.9.38-1-x64.msi.asc","path":"windows/2012r2/chef-client-12.9.38-1-x64.msi.asc","repo":"stable","package":"chef","version":"12.9.38","owner":"chef","created":"2016-04-13T15:32:40.043Z","size":183,"sha1":"83aabea18174b858521da9595e5d042c9e3af8c6","sha256":"9fc6cd5aa37e8291a3490c5f772be750e3f9c4fdee07ade0097e39249880c96a"},{"name":"chef-client-12.9.38-1-x86.msi","path":"windows/2012r2/chef-client-12.9.38-1-x86.msi","repo":"stable","package":"chef","version":"12.9.38","owner":"chef","created":"2016-04-13T15:31:18.935Z","size":104321024,"sha1":"49a30ad350589484058fda89e99e33d47ca1bbc2","sha256":"32a642f28f100d8b52a3434a4ff8b8c5a8be81f11b2d7f47e0336f5f7f0f138e"},{"name":"chef-client-12.9.38-1-x86.msi.asc","path":"windows/2012r2/chef-client-12.9.38-1-x86.msi.asc","repo":"stable","package":"chef","version":"12.9.38","owner":"chef","created":"2016-04-13T15:32:24.194Z","size":183,"sha1":"a8f351a8a1a6002bbe5308c9fa269d8a2484595f","sha256":"3d9acb79ebf2f2fd68eb58048a408e7868469a5f3a1a9dfecb34d233cf319480"}]'
    http_version: 
  recorded_at: Mon, 18 Apr 2016 18:44:40 GMT
- request:
    method: get
    uri: http://mixlib-install:%25mKPtzbT1JH1wm333kjkkjs39oeuFLgZ8vNoOdLBPd%29TZAJsURs9w0HloWR%24l6h@artifactory.chef.co/api/build/chef
    body:
      encoding: US-ASCII
      string: ''
    headers:
      Accept-Encoding:
      - gzip;q=1.0,deflate;q=0.6,identity;q=0.3
      Accept:
      - "*/*"
      User-Agent:
      - Artifactory Ruby Gem 2.3.2
      - Ruby
      Connection:
      - keep-alive
      Keep-Alive:
      - '30'
  response:
    status:
      code: 200
      message: OK
    headers:
      Server:
      - nginx/1.4.6 (Ubuntu)
      Date:
      - Mon, 27 Jun 2016 23:06:57 GMT
      Content-Type:
      - application/vnd.org.jfrog.build.BuildsByName+json
      Transfer-Encoding:
      - chunked
      Connection:
      - keep-alive
      X-Artifactory-Id:
      - 74eddb6840a6545e:747da0c7:1552b7fe973:-7fd8
    body:
      encoding: UTF-8
      string: |-
        {
          "buildsNumbers" : [ {
            "uri" : "/12.12.3+20160620175522",
            "started" : "2016-06-20T19:24:05.447+0000"
          }, {
            "uri" : "/12.7.2",
            "started" : "2016-02-11T17:48:20.541+0000"
          }, {
            "uri" : "/12.12.5",
            "started" : "2016-06-27T19:05:05.102+0000"
          }, {
            "uri" : "/12.11.17",
            "started" : "2016-06-02T00:33:49.900+0000"
          }, {
            "uri" : "/12.5.1",
            "started" : "2015-10-08T05:13:40.316+0000"
          }, {
            "uri" : "/12.11.13",
            "started" : "2016-05-31T19:21:37.787+0000"
          }, {
            "uri" : "/12.4.3",
            "started" : "2015-09-23T21:23:29.994+0000"
          }, {
            "uri" : "/12.9.41",
            "started" : "2016-04-13T18:23:34.557+0000"
          }, {
            "uri" : "/12.4.2",
            "started" : "2015-09-19T21:46:54.315+0000"
          }, {
            "uri" : "/12.11.8",
            "started" : "2016-05-31T07:39:07.013+0000"
          }, {
            "uri" : "/12.12.6",
            "started" : "2016-06-27T19:05:09.453+0000"
          }, {
            "uri" : "/12.11.18",
            "started" : "2016-06-02T20:33:44.198+0000"
          }, {
            "uri" : "/12.9.38",
            "started" : "2016-04-11T18:30:30.773+0000"
          }, {
            "uri" : "/12.10.24",
            "started" : "2016-04-27T19:46:21.357+0000"
          }, {
            "uri" : "/12.11.11",
            "started" : "2016-05-31T18:47:39.792+0000"
          }, {
            "uri" : "/12.12.3",
            "started" : "2016-06-18T02:51:37.200+0000"
          }, {
            "uri" : "/12.6.0",
            "started" : "2015-12-18T21:09:09.584+0000"
          }, {
            "uri" : "/12.8.1",
            "started" : "2016-03-08T05:35:52.043+0000"
          }, {
            "uri" : "/12.11.12",
            "started" : "2016-05-31T19:20:41.307+0000"
          }, {
            "uri" : "/12.12.4",
            "started" : "2016-06-21T18:09:37.270+0000"
          } ],
          "uri" : "http://artifactory.chef.co/api/build/chef"
        }
    http_version: 
  recorded_at: Mon, 27 Jun 2016 23:06:06 GMT
- request:
    method: post
    uri: http://mixlib-install:%25mKPtzbT1JH1wm333kjkkjs39oeuFLgZ8vNoOdLBPd%29TZAJsURs9w0HloWR%24l6h@artifactory.chef.co/api/search/aql
    body:
      encoding: UTF-8
      string: |
        items.find(
          {"repo": "omnibus-stable-local"},
          {"@omnibus.project": "chef"},
          {"@omnibus.version": "12.12.6"},
          {"name": {"$nmatch": "*.metadata.json" }}
        ).include("repo", "path", "name", "property")
    headers:
      Accept-Encoding:
      - gzip;q=1.0,deflate;q=0.6,identity;q=0.3
      Accept:
      - "*/*"
      User-Agent:
      - Artifactory Ruby Gem 2.3.2
      - Ruby
      Connection:
      - keep-alive
      Keep-Alive:
      - '30'
      Content-Type:
      - text/plain
  response:
    status:
      code: 200
      message: OK
    headers:
      Server:
      - nginx/1.4.6 (Ubuntu)
      Date:
      - Mon, 27 Jun 2016 23:06:57 GMT
      Content-Type:
      - application/json
      Transfer-Encoding:
      - chunked
      Connection:
      - keep-alive
      X-Artifactory-Id:
      - 74eddb6840a6545e:747da0c7:1552b7fe973:-7fd8
    body:
      encoding: UTF-8
      string: |2

        {
        "results" : [  ],
        "range" : {
          "start_pos" : 0,
          "end_pos" : 0,
          "total" : 0
        }
        }
    http_version: 
  recorded_at: Mon, 27 Jun 2016 23:06:06 GMT
- request:
    method: post
    uri: http://mixlib-install:%25mKPtzbT1JH1wm333kjkkjs39oeuFLgZ8vNoOdLBPd%29TZAJsURs9w0HloWR%24l6h@artifactory.chef.co/api/search/aql
    body:
      encoding: UTF-8
      string: |
        items.find(
          {"repo": "omnibus-stable-local"},
          {"@omnibus.project": "chef"},
          {"@omnibus.version": "12.12.5"},
          {"name": {"$nmatch": "*.metadata.json" }}
        ).include("repo", "path", "name", "property")
    headers:
      Accept-Encoding:
      - gzip;q=1.0,deflate;q=0.6,identity;q=0.3
      Accept:
      - "*/*"
      User-Agent:
      - Artifactory Ruby Gem 2.3.2
      - Ruby
      Connection:
      - keep-alive
      Keep-Alive:
      - '30'
      Content-Type:
      - text/plain
  response:
    status:
      code: 200
      message: OK
    headers:
      Server:
      - nginx/1.4.6 (Ubuntu)
      Date:
      - Mon, 27 Jun 2016 23:06:57 GMT
      Content-Type:
      - application/json
      Transfer-Encoding:
      - chunked
      Connection:
      - keep-alive
      X-Artifactory-Id:
      - 74eddb6840a6545e:747da0c7:1552b7fe973:-7fd8
    body:
      encoding: UTF-8
      string: |2

        {
        "results" : [  ],
        "range" : {
          "start_pos" : 0,
          "end_pos" : 0,
          "total" : 0
        }
        }
    http_version: 
  recorded_at: Mon, 27 Jun 2016 23:06:06 GMT
- request:
    method: post
    uri: http://mixlib-install:%25mKPtzbT1JH1wm333kjkkjs39oeuFLgZ8vNoOdLBPd%29TZAJsURs9w0HloWR%24l6h@artifactory.chef.co/api/search/aql
    body:
      encoding: UTF-8
      string: |
        items.find(
          {"repo": "omnibus-stable-local"},
          {"@omnibus.project": "chef"},
          {"@omnibus.version": "12.12.4"},
          {"name": {"$nmatch": "*.metadata.json" }}
        ).include("repo", "path", "name", "property")
    headers:
      Accept-Encoding:
      - gzip;q=1.0,deflate;q=0.6,identity;q=0.3
      Accept:
      - "*/*"
      User-Agent:
      - Artifactory Ruby Gem 2.3.2
      - Ruby
      Connection:
      - keep-alive
      Keep-Alive:
      - '30'
      Content-Type:
      - text/plain
  response:
    status:
      code: 200
      message: OK
    headers:
      Server:
      - nginx/1.4.6 (Ubuntu)
      Date:
      - Mon, 27 Jun 2016 23:06:58 GMT
      Content-Type:
      - application/json
      Transfer-Encoding:
      - chunked
      Connection:
      - keep-alive
      X-Artifactory-Id:
      - 74eddb6840a6545e:747da0c7:1552b7fe973:-7fd8
    body:
      encoding: UTF-8
      string: |2

        {
        "results" : [  ],
        "range" : {
          "start_pos" : 0,
          "end_pos" : 0,
          "total" : 0
        }
        }
    http_version: 
  recorded_at: Mon, 27 Jun 2016 23:06:07 GMT
- request:
    method: post
    uri: http://mixlib-install:%25mKPtzbT1JH1wm333kjkkjs39oeuFLgZ8vNoOdLBPd%29TZAJsURs9w0HloWR%24l6h@artifactory.chef.co/api/search/aql
    body:
      encoding: UTF-8
      string: |
        items.find(
          {"repo": "omnibus-stable-local"},
          {"@omnibus.project": "chef"},
          {"@omnibus.version": "12.12.3+20160620175522"},
          {"name": {"$nmatch": "*.metadata.json" }}
        ).include("repo", "path", "name", "property")
    headers:
      Accept-Encoding:
      - gzip;q=1.0,deflate;q=0.6,identity;q=0.3
      Accept:
      - "*/*"
      User-Agent:
      - Artifactory Ruby Gem 2.3.2
      - Ruby
      Connection:
      - keep-alive
      Keep-Alive:
      - '30'
      Content-Type:
      - text/plain
  response:
    status:
      code: 200
      message: OK
    headers:
      Server:
      - nginx/1.4.6 (Ubuntu)
      Date:
      - Mon, 27 Jun 2016 23:06:58 GMT
      Content-Type:
      - application/json
      Transfer-Encoding:
      - chunked
      Connection:
      - keep-alive
      X-Artifactory-Id:
      - 74eddb6840a6545e:747da0c7:1552b7fe973:-7fd8
    body:
      encoding: UTF-8
      string: |2

        {
        "results" : [  ],
        "range" : {
          "start_pos" : 0,
          "end_pos" : 0,
          "total" : 0
        }
        }
    http_version: 
  recorded_at: Mon, 27 Jun 2016 23:06:07 GMT
- request:
    method: post
    uri: http://mixlib-install:%25mKPtzbT1JH1wm333kjkkjs39oeuFLgZ8vNoOdLBPd%29TZAJsURs9w0HloWR%24l6h@artifactory.chef.co/api/search/aql
    body:
      encoding: UTF-8
      string: |
        items.find(
          {"repo": "omnibus-stable-local"},
          {"@omnibus.project": "chef"},
          {"@omnibus.version": "12.12.3"},
          {"name": {"$nmatch": "*.metadata.json" }}
        ).include("repo", "path", "name", "property")
    headers:
      Accept-Encoding:
      - gzip;q=1.0,deflate;q=0.6,identity;q=0.3
      Accept:
      - "*/*"
      User-Agent:
      - Artifactory Ruby Gem 2.3.2
      - Ruby
      Connection:
      - keep-alive
      Keep-Alive:
      - '30'
      Content-Type:
      - text/plain
  response:
    status:
      code: 200
      message: OK
    headers:
      Server:
      - nginx/1.4.6 (Ubuntu)
      Date:
      - Mon, 27 Jun 2016 23:06:59 GMT
      Content-Type:
      - application/json
      Transfer-Encoding:
      - chunked
      Connection:
      - keep-alive
      X-Artifactory-Id:
      - 74eddb6840a6545e:747da0c7:1552b7fe973:-7fd8
    body:
      encoding: UTF-8
      string: |2

        {
        "results" : [  ],
        "range" : {
          "start_pos" : 0,
          "end_pos" : 0,
          "total" : 0
        }
        }
    http_version: 
  recorded_at: Mon, 27 Jun 2016 23:06:08 GMT
- request:
    method: post
    uri: http://mixlib-install:%25mKPtzbT1JH1wm333kjkkjs39oeuFLgZ8vNoOdLBPd%29TZAJsURs9w0HloWR%24l6h@artifactory.chef.co/api/search/aql
    body:
      encoding: UTF-8
      string: |
        items.find(
          {"repo": "omnibus-stable-local"},
          {"@omnibus.project": "chef"},
          {"@omnibus.version": "12.11.18"},
          {"name": {"$nmatch": "*.metadata.json" }}
        ).include("repo", "path", "name", "property")
    headers:
      Accept-Encoding:
      - gzip;q=1.0,deflate;q=0.6,identity;q=0.3
      Accept:
      - "*/*"
      User-Agent:
      - Artifactory Ruby Gem 2.3.2
      - Ruby
      Connection:
      - keep-alive
      Keep-Alive:
      - '30'
      Content-Type:
      - text/plain
  response:
    status:
      code: 200
      message: OK
    headers:
      Server:
      - nginx/1.4.6 (Ubuntu)
      Date:
      - Mon, 27 Jun 2016 23:06:59 GMT
      Content-Type:
      - application/json
      Transfer-Encoding:
      - chunked
      Connection:
      - keep-alive
      X-Artifactory-Id:
      - 74eddb6840a6545e:747da0c7:1552b7fe973:-7fd8
    body:
      encoding: UTF-8
      string: |2

        {
        "results" : [ {
          "repo" : "omnibus-stable-local",
          "path" : "com/getchef/chef/12.11.18/ubuntu/12.04",
          "name" : "chef_12.11.18-1_amd64.deb",
          "properties" : [ {
            "key" : "omnibus.version",
            "value" : "12.11.18"
          }, {
            "key" : "omnibus.sha512",
            "value" : "cab563e7ec114f45954332355d6768fe35e8ddf90cf7dab4bb8a8c7609d7a389b84176eabfc9af48933479e2324ba12f891902110130ff3e4044d76d278e7407"
          }, {
            "key" : "delivery.sha"
          }, {
            "key" : "omnibus.iteration",
            "value" : "1"
          }, {
            "key" : "omnibus.platform_version",
            "value" : "12.04"
          }, {
            "key" : "omnibus.platform",
            "value" : "ubuntu"
          }, {
            "key" : "build.name",
            "value" : "chef"
          }, {
            "key" : "delivery.change"
          }, {
            "key" : "omnibus.md5",
            "value" : "4b3e6199d23018001d79b44b53770b81"
          }, {
            "key" : "omnibus.architecture",
            "value" : "x86_64"
          }, {
            "key" : "omnibus.sha256",
            "value" : "f1cf5d0f6dd12d2d2296ec6d8dbb16363f8541f5c15298cafa70e65ff2b5a22f"
          }, {
            "key" : "omnibus.sha1",
            "value" : "bc4a6642d6093b54de856da31f0651a56b0fdc8e"
          }, {
            "key" : "omnibus.project",
            "value" : "chef"
          }, {
            "key" : "build.number",
            "value" : "12.11.18"
          }, {
            "key" : "omnibus.license",
            "value" : "Apache-2.0"
          } ]
        },{
          "repo" : "omnibus-stable-local",
          "path" : "com/getchef/chef/12.11.18/windows/2012r2",
          "name" : "chef-client-12.11.18-1-x86.msi",
          "properties" : [ {
            "key" : "omnibus.project",
            "value" : "chef"
          }, {
            "key" : "delivery.sha"
          }, {
            "key" : "omnibus.sha256",
            "value" : "3953d8bbc1803177f4f5073164a8a6105187be5531cfa5f44c7da9a55ffa18c7"
          }, {
            "key" : "omnibus.sha1",
            "value" : "5bf86d780ff7890b0889ea4058d757d73597a811"
          }, {
            "key" : "build.name",
            "value" : "chef"
          }, {
            "key" : "omnibus.sha512",
            "value" : "db726ec828554607aed59b8d92841d5b588d443045855a3b9a646dcb0cc9252497ada45e9bccd55aaebb84b9dc8bafa8121a75a39a68d1d59e015a7155dc61b4"
          }, {
            "key" : "omnibus.version",
            "value" : "12.11.18"
          }, {
            "key" : "omnibus.iteration",
            "value" : "1"
          }, {
            "key" : "omnibus.platform",
            "value" : "windows"
          }, {
            "key" : "delivery.change"
          }, {
            "key" : "build.number",
            "value" : "12.11.18"
          }, {
            "key" : "omnibus.md5",
            "value" : "ed7890bee52b484f6919d7eeab063d0d"
          }, {
            "key" : "omnibus.platform_version",
            "value" : "2012r2"
          }, {
            "key" : "omnibus.architecture",
            "value" : "i386"
          }, {
            "key" : "omnibus.license",
            "value" : "Apache-2.0"
          } ]
        },{
          "repo" : "omnibus-stable-local",
          "path" : "com/getchef/chef/12.11.18/solaris2/5.11",
          "name" : "chef-12.11.18-1.sparc.solaris",
          "properties" : [ {
            "key" : "delivery.change"
          }, {
            "key" : "omnibus.license",
            "value" : "Apache-2.0"
          }, {
            "key" : "omnibus.iteration",
            "value" : "1"
          }, {
            "key" : "omnibus.architecture",
            "value" : "sparc"
          }, {
            "key" : "omnibus.md5",
            "value" : "28a18996cc569cdaf2caac506354c29d"
          }, {
            "key" : "build.number",
            "value" : "12.11.18"
          }, {
            "key" : "omnibus.sha256",
            "value" : "da04a26b7deaf145fbedefadfe9ffee307a6b012b65972bd091d84d7cec587fd"
          }, {
            "key" : "omnibus.sha1",
            "value" : "196b851940237c5ebb29e27094f29c61e522ec1b"
          }, {
            "key" : "build.name",
            "value" : "chef"
          }, {
            "key" : "omnibus.version",
            "value" : "12.11.18"
          }, {
            "key" : "omnibus.project",
            "value" : "chef"
          }, {
            "key" : "omnibus.platform",
            "value" : "solaris2"
          }, {
            "key" : "omnibus.sha512",
            "value" : "ae2c234c2e95803dc20350c2b815c4ec67ba2110740d43d72dc911142b8ffa9ed9a26d2e9103e5b8344721f1c212efd88866f474eba75b5cad3c0e04159cf64d"
          }, {
            "key" : "delivery.sha"
          }, {
            "key" : "omnibus.platform_version",
            "value" : "5.11"
          } ]
        },{
          "repo" : "omnibus-stable-local",
          "path" : "com/getchef/chef/12.11.18/freebsd/9",
          "name" : "chef-12.11.18_1.amd64.sh",
          "properties" : [ {
            "key" : "omnibus.iteration",
            "value" : "1"
          }, {
            "key" : "omnibus.md5",
            "value" : "e9ec15f06ad1e5810cc88f7915bd0e84"
          }, {
            "key" : "delivery.change"
          }, {
            "key" : "build.number",
            "value" : "12.11.18"
          }, {
            "key" : "delivery.sha"
          }, {
            "key" : "omnibus.license",
            "value" : "Apache-2.0"
          }, {
            "key" : "omnibus.project",
            "value" : "chef"
          }, {
            "key" : "omnibus.sha256",
            "value" : "7350e4057c315cdfa6832a47c4a66ef5322905dc0a1aee7e42b2623519cd8d23"
          }, {
            "key" : "omnibus.platform_version",
            "value" : "9"
          }, {
            "key" : "omnibus.architecture",
            "value" : "amd64"
          }, {
            "key" : "omnibus.sha512",
            "value" : "f69404db378ea4687b2e5e6b4d9a6c5ed6f9049978703b413f6734065d8d7b48d0387df020836f58b9259b7998a86b03a938e7a455990581d0f2eee1680d3284"
          }, {
            "key" : "omnibus.platform",
            "value" : "freebsd"
          }, {
            "key" : "omnibus.sha1",
            "value" : "8a47f47989603d8adf9fde69639d03e08fc51b80"
          }, {
            "key" : "omnibus.version",
            "value" : "12.11.18"
          }, {
            "key" : "build.name",
            "value" : "chef"
          } ]
        },{
          "repo" : "omnibus-stable-local",
          "path" : "com/getchef/chef/12.11.18/aix/6.1",
          "name" : "chef-12.11.18-1.powerpc.bff",
          "properties" : [ {
            "key" : "delivery.change"
          }, {
            "key" : "omnibus.sha1",
            "value" : "c81a50911bd36b94ad41fe739ea83c74c0979ffb"
          }, {
            "key" : "omnibus.sha512",
            "value" : "b1d41157ecdca0d542442f84db5d3d8715bb63b47cb156efe92fe53789f1668eb0058ea75c3f4607260d83f1360d66562f2fa0c60be6dbb76b5c5067e869b505"
          }, {
            "key" : "omnibus.architecture",
            "value" : "powerpc"
          }, {
            "key" : "omnibus.md5",
            "value" : "280c5af77a5da65cacc140ff83d76cab"
          }, {
            "key" : "build.name",
            "value" : "chef"
          }, {
            "key" : "delivery.sha"
          }, {
            "key" : "omnibus.sha256",
            "value" : "cfd254db92d23f0917dd387f36a400ad0a0d35641c467290b189da909c4775f8"
          }, {
            "key" : "omnibus.project",
            "value" : "chef"
          }, {
            "key" : "omnibus.platform",
            "value" : "aix"
          }, {
            "key" : "omnibus.license",
            "value" : "Apache-2.0"
          }, {
            "key" : "omnibus.version",
            "value" : "12.11.18"
          }, {
            "key" : "omnibus.iteration",
            "value" : "1"
          }, {
            "key" : "build.number",
            "value" : "12.11.18"
          }, {
            "key" : "omnibus.platform_version",
            "value" : "6.1"
          } ]
        },{
          "repo" : "omnibus-stable-local",
          "path" : "com/getchef/chef/12.11.18/nexus/7",
          "name" : "chef-12.11.18-1.nexus7.x86_64.rpm",
          "properties" : [ {
            "key" : "delivery.sha"
          }, {
            "key" : "delivery.change"
          }, {
            "key" : "omnibus.sha512",
            "value" : "25625f6404d8e8923567228af51ab3cc1a487a31e5520349f8e63d321af6bc67582702c822290a253647136e8803f7907118d6785e7d4caed21fbcbfb0fbaf98"
          }, {
            "key" : "omnibus.license",
            "value" : "Apache-2.0"
          }, {
            "key" : "omnibus.md5",
            "value" : "a5c42b1cbb4b747d2e51246508b63ea0"
          }, {
            "key" : "build.number",
            "value" : "12.11.18"
          }, {
            "key" : "omnibus.platform",
            "value" : "nexus"
          }, {
            "key" : "build.name",
            "value" : "chef"
          }, {
            "key" : "omnibus.project",
            "value" : "chef"
          }, {
            "key" : "omnibus.version",
            "value" : "12.11.18"
          }, {
            "key" : "omnibus.iteration",
            "value" : "1"
          }, {
            "key" : "omnibus.sha256",
            "value" : "1206a60a70937fae6fa85f34ed9b0ae568b943d05a9342de51e3ce22ba899ecb"
          }, {
            "key" : "omnibus.platform_version",
            "value" : "7"
          }, {
            "key" : "omnibus.architecture",
            "value" : "x86_64"
          }, {
            "key" : "omnibus.sha1",
            "value" : "9e093ecdd1089a5e131c3d06f0f81f532666e714"
          } ]
        },{
          "repo" : "omnibus-stable-local",
          "path" : "com/getchef/chef/12.11.18/el/6",
          "name" : "chef-12.11.18-1.el6.i386.rpm",
          "properties" : [ {
            "key" : "build.name",
            "value" : "chef"
          }, {
            "key" : "delivery.sha"
          }, {
            "key" : "omnibus.project",
            "value" : "chef"
          }, {
            "key" : "omnibus.license",
            "value" : "Apache-2.0"
          }, {
            "key" : "omnibus.platform_version",
            "value" : "6"
          }, {
            "key" : "omnibus.architecture",
            "value" : "i686"
          }, {
            "key" : "omnibus.sha512",
            "value" : "d2ccca39a495e2fcf1d0ba5140b93e6f76695fcfd6728d8f6bf2d431b4e6f3b050cb71057b8f6bf4b22e6002f32d70528aa67bec7a6d99c6e6f3d1d25fdc9ee2"
          }, {
            "key" : "build.number",
            "value" : "12.11.18"
          }, {
            "key" : "omnibus.md5",
            "value" : "a12b2ce857fa318ce17868d5f31c7ac8"
          }, {
            "key" : "omnibus.version",
            "value" : "12.11.18"
          }, {
            "key" : "omnibus.platform",
            "value" : "el"
          }, {
            "key" : "omnibus.sha256",
            "value" : "db1dd569f3f99f56d2446b30f5f75b2bf6b7d786f93e6b3be60b14c297639acc"
          }, {
            "key" : "omnibus.sha1",
            "value" : "d85315adde9ff0889358ea96341a1e38aabe4e36"
          }, {
            "key" : "delivery.change"
          }, {
            "key" : "omnibus.iteration",
            "value" : "1"
          } ]
        },{
          "repo" : "omnibus-stable-local",
          "path" : "com/getchef/chef/12.11.18/debian/6",
          "name" : "chef_12.11.18-1_i386.deb",
          "properties" : [ {
            "key" : "omnibus.md5",
            "value" : "ba2f15ae724f83678cb04c93e5e0b54d"
          }, {
            "key" : "omnibus.architecture",
            "value" : "i686"
          }, {
            "key" : "omnibus.sha1",
            "value" : "6fd3d0a06691fbbb584725743c440af51f4d9f61"
          }, {
            "key" : "delivery.change"
          }, {
            "key" : "omnibus.license",
            "value" : "Apache-2.0"
          }, {
            "key" : "omnibus.version",
            "value" : "12.11.18"
          }, {
            "key" : "delivery.sha"
          }, {
            "key" : "omnibus.sha512",
            "value" : "018b0a392b57f5f85a859614a4eff435c5223119274853341a44820dfc62f5e162a4938c2e1dfc28a882dfd2e4f6081ba43614d38f29efd48c6d80a96a9baf48"
          }, {
            "key" : "omnibus.platform_version",
            "value" : "6"
          }, {
            "key" : "build.number",
            "value" : "12.11.18"
          }, {
            "key" : "omnibus.sha256",
            "value" : "43142137282457916a150c75fb5514cd031c45df67231a0bcf2df42359d96e94"
          }, {
            "key" : "omnibus.project",
            "value" : "chef"
          }, {
            "key" : "omnibus.iteration",
            "value" : "1"
          }, {
            "key" : "omnibus.platform",
            "value" : "debian"
          }, {
            "key" : "build.name",
            "value" : "chef"
          } ]
        },{
          "repo" : "omnibus-stable-local",
          "path" : "com/getchef/chef/12.11.18/ubuntu/14.04",
          "name" : "chef_12.11.18-1_amd64.deb",
          "properties" : [ {
            "key" : "omnibus.project",
            "value" : "chef"
          }, {
            "key" : "build.name",
            "value" : "chef"
          }, {
            "key" : "omnibus.license",
            "value" : "Apache-2.0"
          }, {
            "key" : "build.number",
            "value" : "12.11.18"
          }, {
            "key" : "omnibus.version",
            "value" : "12.11.18"
          }, {
            "key" : "omnibus.md5",
            "value" : "4b3e6199d23018001d79b44b53770b81"
          }, {
            "key" : "delivery.change"
          }, {
            "key" : "omnibus.iteration",
            "value" : "1"
          }, {
            "key" : "omnibus.architecture",
            "value" : "x86_64"
          }, {
            "key" : "omnibus.sha512",
            "value" : "cab563e7ec114f45954332355d6768fe35e8ddf90cf7dab4bb8a8c7609d7a389b84176eabfc9af48933479e2324ba12f891902110130ff3e4044d76d278e7407"
          }, {
            "key" : "omnibus.platform",
            "value" : "ubuntu"
          }, {
            "key" : "omnibus.platform_version",
            "value" : "14.04"
          }, {
            "key" : "omnibus.sha256",
            "value" : "f1cf5d0f6dd12d2d2296ec6d8dbb16363f8541f5c15298cafa70e65ff2b5a22f"
          }, {
            "key" : "delivery.sha"
          }, {
            "key" : "omnibus.sha1",
            "value" : "bc4a6642d6093b54de856da31f0651a56b0fdc8e"
          } ]
        },{
          "repo" : "omnibus-stable-local",
          "path" : "com/getchef/chef/12.11.18/debian/7",
          "name" : "chef_12.11.18-1_i386.deb",
          "properties" : [ {
            "key" : "omnibus.md5",
            "value" : "ba2f15ae724f83678cb04c93e5e0b54d"
          }, {
            "key" : "omnibus.license",
            "value" : "Apache-2.0"
          }, {
            "key" : "omnibus.iteration",
            "value" : "1"
          }, {
            "key" : "omnibus.project",
            "value" : "chef"
          }, {
            "key" : "omnibus.sha1",
            "value" : "6fd3d0a06691fbbb584725743c440af51f4d9f61"
          }, {
            "key" : "omnibus.platform_version",
            "value" : "7"
          }, {
            "key" : "omnibus.architecture",
            "value" : "i686"
          }, {
            "key" : "omnibus.sha256",
            "value" : "43142137282457916a150c75fb5514cd031c45df67231a0bcf2df42359d96e94"
          }, {
            "key" : "omnibus.version",
            "value" : "12.11.18"
          }, {
            "key" : "delivery.change"
          }, {
            "key" : "omnibus.platform",
            "value" : "debian"
          }, {
            "key" : "build.number",
            "value" : "12.11.18"
          }, {
            "key" : "omnibus.sha512",
            "value" : "018b0a392b57f5f85a859614a4eff435c5223119274853341a44820dfc62f5e162a4938c2e1dfc28a882dfd2e4f6081ba43614d38f29efd48c6d80a96a9baf48"
          }, {
            "key" : "build.name",
            "value" : "chef"
          }, {
            "key" : "delivery.sha"
          } ]
        },{
          "repo" : "omnibus-stable-local",
          "path" : "com/getchef/chef/12.11.18/solaris2/5.11",
          "name" : "chef-12.11.18-1.i386.solaris",
          "properties" : [ {
            "key" : "omnibus.project",
            "value" : "chef"
          }, {
            "key" : "omnibus.iteration",
            "value" : "1"
          }, {
            "key" : "build.number",
            "value" : "12.11.18"
          }, {
            "key" : "omnibus.sha256",
            "value" : "7ab2827ce1af726162320db7c0b3b54090d7e670d4a9f0ec399882348a1dff49"
          }, {
            "key" : "omnibus.sha1",
            "value" : "67124b9ea0659c92a3fb86b9a8c9ddb9a0beb6fe"
          }, {
            "key" : "delivery.sha"
          }, {
            "key" : "omnibus.license",
            "value" : "Apache-2.0"
          }, {
            "key" : "omnibus.architecture",
            "value" : "i386"
          }, {
            "key" : "build.name",
            "value" : "chef"
          }, {
            "key" : "omnibus.platform",
            "value" : "solaris2"
          }, {
            "key" : "omnibus.sha512",
            "value" : "f88bceda9d1fb9cc74ab40793d7d2233c6e4f19b2ce897c8d13fe45fb5d1bce1a10601ae009182727d180a542c1d06e6c3569832966facdab5af653c91c37e9a"
          }, {
            "key" : "delivery.change"
          }, {
            "key" : "omnibus.platform_version",
            "value" : "5.11"
          }, {
            "key" : "omnibus.version",
            "value" : "12.11.18"
          }, {
            "key" : "omnibus.md5",
            "value" : "37be2bb5d61de6d9eb307f5d96910645"
          } ]
        },{
          "repo" : "omnibus-stable-local",
          "path" : "com/getchef/chef/12.11.18/debian/8",
          "name" : "chef_12.11.18-1_amd64.deb",
          "properties" : [ {
            "key" : "omnibus.iteration",
            "value" : "1"
          }, {
            "key" : "delivery.sha"
          }, {
            "key" : "omnibus.md5",
            "value" : "73e690e1d909655dfe5bd9ba63285dc0"
          }, {
            "key" : "omnibus.platform_version",
            "value" : "8"
          }, {
            "key" : "omnibus.sha1",
            "value" : "9f3dbb2db2ce3a03b2061ed0d907e466e7016c04"
          }, {
            "key" : "omnibus.architecture",
            "value" : "x86_64"
          }, {
            "key" : "omnibus.sha256",
            "value" : "a79378be1c0eeed548fbd19fef0f1a1af25b70abf1db1b4ea1a40a90a0bafa31"
          }, {
            "key" : "omnibus.platform",
            "value" : "debian"
          }, {
            "key" : "build.number",
            "value" : "12.11.18"
          }, {
            "key" : "omnibus.sha512",
            "value" : "ccb1e0289d71245684bafe45f552dae2bcd290d8f2ca8420a24678c8125bf1a945ac519dea55c01ef46c33aa54c9b8f0f562c23882ba84b3e7ac380b36646721"
          }, {
            "key" : "omnibus.license",
            "value" : "Apache-2.0"
          }, {
            "key" : "build.name",
            "value" : "chef"
          }, {
            "key" : "delivery.change"
          }, {
            "key" : "omnibus.version",
            "value" : "12.11.18"
          }, {
            "key" : "omnibus.project",
            "value" : "chef"
          } ]
        },{
          "repo" : "omnibus-stable-local",
          "path" : "com/getchef/chef/12.11.18/windows/2008r2",
          "name" : "chef-client-12.11.18-1-x86.msi",
          "properties" : [ {
            "key" : "omnibus.iteration",
            "value" : "1"
          }, {
            "key" : "omnibus.sha256",
            "value" : "3953d8bbc1803177f4f5073164a8a6105187be5531cfa5f44c7da9a55ffa18c7"
          }, {
            "key" : "omnibus.platform",
            "value" : "windows"
          }, {
            "key" : "delivery.change"
          }, {
            "key" : "omnibus.sha1",
            "value" : "5bf86d780ff7890b0889ea4058d757d73597a811"
          }, {
            "key" : "omnibus.architecture",
            "value" : "i386"
          }, {
            "key" : "delivery.sha"
          }, {
            "key" : "omnibus.sha512",
            "value" : "db726ec828554607aed59b8d92841d5b588d443045855a3b9a646dcb0cc9252497ada45e9bccd55aaebb84b9dc8bafa8121a75a39a68d1d59e015a7155dc61b4"
          }, {
            "key" : "omnibus.project",
            "value" : "chef"
          }, {
            "key" : "omnibus.version",
            "value" : "12.11.18"
          }, {
            "key" : "build.number",
            "value" : "12.11.18"
          }, {
            "key" : "omnibus.platform_version",
            "value" : "2008r2"
          }, {
            "key" : "omnibus.md5",
            "value" : "ed7890bee52b484f6919d7eeab063d0d"
          }, {
            "key" : "omnibus.license",
            "value" : "Apache-2.0"
          }, {
            "key" : "build.name",
            "value" : "chef"
          } ]
        },{
          "repo" : "omnibus-stable-local",
          "path" : "com/getchef/chef/12.11.18/solaris2/5.10",
          "name" : "chef-12.11.18-1.sparc.solaris",
          "properties" : [ {
            "key" : "omnibus.sha1",
            "value" : "196b851940237c5ebb29e27094f29c61e522ec1b"
          }, {
            "key" : "omnibus.license",
            "value" : "Apache-2.0"
          }, {
            "key" : "build.name",
            "value" : "chef"
          }, {
            "key" : "omnibus.iteration",
            "value" : "1"
          }, {
            "key" : "omnibus.architecture",
            "value" : "sparc"
          }, {
            "key" : "omnibus.platform",
            "value" : "solaris2"
          }, {
            "key" : "omnibus.sha512",
            "value" : "ae2c234c2e95803dc20350c2b815c4ec67ba2110740d43d72dc911142b8ffa9ed9a26d2e9103e5b8344721f1c212efd88866f474eba75b5cad3c0e04159cf64d"
          }, {
            "key" : "omnibus.project",
            "value" : "chef"
          }, {
            "key" : "delivery.sha"
          }, {
            "key" : "omnibus.md5",
            "value" : "28a18996cc569cdaf2caac506354c29d"
          }, {
            "key" : "omnibus.platform_version",
            "value" : "5.10"
          }, {
            "key" : "delivery.change"
          }, {
            "key" : "omnibus.sha256",
            "value" : "da04a26b7deaf145fbedefadfe9ffee307a6b012b65972bd091d84d7cec587fd"
          }, {
            "key" : "build.number",
            "value" : "12.11.18"
          }, {
            "key" : "omnibus.version",
            "value" : "12.11.18"
          } ]
        },{
          "repo" : "omnibus-stable-local",
          "path" : "com/getchef/chef/12.11.18/debian/8",
          "name" : "chef_12.11.18-1_i386.deb",
          "properties" : [ {
            "key" : "omnibus.md5",
            "value" : "ba2f15ae724f83678cb04c93e5e0b54d"
          }, {
            "key" : "omnibus.version",
            "value" : "12.11.18"
          }, {
            "key" : "omnibus.sha512",
            "value" : "018b0a392b57f5f85a859614a4eff435c5223119274853341a44820dfc62f5e162a4938c2e1dfc28a882dfd2e4f6081ba43614d38f29efd48c6d80a96a9baf48"
          }, {
            "key" : "build.name",
            "value" : "chef"
          }, {
            "key" : "omnibus.platform_version",
            "value" : "8"
          }, {
            "key" : "omnibus.architecture",
            "value" : "i686"
          }, {
            "key" : "build.number",
            "value" : "12.11.18"
          }, {
            "key" : "omnibus.iteration",
            "value" : "1"
          }, {
            "key" : "omnibus.project",
            "value" : "chef"
          }, {
            "key" : "delivery.change"
          }, {
            "key" : "omnibus.platform",
            "value" : "debian"
          }, {
            "key" : "omnibus.sha256",
            "value" : "43142137282457916a150c75fb5514cd031c45df67231a0bcf2df42359d96e94"
          }, {
            "key" : "delivery.sha"
          }, {
            "key" : "omnibus.sha1",
            "value" : "6fd3d0a06691fbbb584725743c440af51f4d9f61"
          }, {
            "key" : "omnibus.license",
            "value" : "Apache-2.0"
          } ]
        },{
          "repo" : "omnibus-stable-local",
          "path" : "com/getchef/chef/12.11.18/windows/2012",
          "name" : "chef-client-12.11.18-1-x64.msi",
          "properties" : [ {
            "key" : "omnibus.license",
            "value" : "Apache-2.0"
          }, {
            "key" : "omnibus.platform",
            "value" : "windows"
          }, {
            "key" : "omnibus.sha1",
            "value" : "2098b16d02189c642a05e1b48cda656f0b978391"
          }, {
            "key" : "build.number",
            "value" : "12.11.18"
          }, {
            "key" : "build.name",
            "value" : "chef"
          }, {
            "key" : "omnibus.md5",
            "value" : "830cec03f7949309fc00eb70b12da89d"
          }, {
            "key" : "delivery.change"
          }, {
            "key" : "omnibus.version",
            "value" : "12.11.18"
          }, {
            "key" : "omnibus.sha256",
            "value" : "40f00551788170a1cee7b713b97d33d0dbba5a2bdbd3fd6047a1e2c7081d9953"
          }, {
            "key" : "omnibus.project",
            "value" : "chef"
          }, {
            "key" : "omnibus.sha512",
            "value" : "5b6d62fe25be23b262777452166e3e280d7ca35c3400c30ee1079b401ef53566a7734f7c0215ade58813f47952a13fbd156d77b1c3ea014f773da1b036e8f535"
          }, {
            "key" : "omnibus.architecture",
            "value" : "x86_64"
          }, {
            "key" : "delivery.sha"
          }, {
            "key" : "omnibus.iteration",
            "value" : "1"
          }, {
            "key" : "omnibus.platform_version",
            "value" : "2012"
          } ]
        },{
          "repo" : "omnibus-stable-local",
          "path" : "com/getchef/chef/12.11.18/ios_xr/6",
          "name" : "chef-12.11.18-1.ios_xr6.x86_64.rpm",
          "properties" : [ {
            "key" : "omnibus.project",
            "value" : "chef"
          }, {
            "key" : "omnibus.sha1",
            "value" : "cf972fdea233ed29c0f0406a2bbeb36400a62724"
          }, {
            "key" : "omnibus.sha512",
            "value" : "026b00e6a87a2c3daa86f5ca8b5a086fa2a9286ab0c2245c60ef62c5919eb23a666b0fe73b8f53baeab2d0b3b4a3bb2822f1dc1275ea6ac8d160fbfcb6e961fb"
          }, {
            "key" : "build.name",
            "value" : "chef"
          }, {
            "key" : "delivery.sha"
          }, {
            "key" : "omnibus.version",
            "value" : "12.11.18"
          }, {
            "key" : "omnibus.license",
            "value" : "Apache-2.0"
          }, {
            "key" : "omnibus.architecture",
            "value" : "x86_64"
          }, {
            "key" : "delivery.change"
          }, {
            "key" : "omnibus.md5",
            "value" : "02bb4763efc9693103a55f2c47475cfa"
          }, {
            "key" : "omnibus.platform",
            "value" : "ios_xr"
          }, {
            "key" : "omnibus.iteration",
            "value" : "1"
          }, {
            "key" : "omnibus.platform_version",
            "value" : "6"
          }, {
            "key" : "build.number",
            "value" : "12.11.18"
          }, {
            "key" : "omnibus.sha256",
            "value" : "3dee23f1312818997db250904716ed55e1d44f4f560b4b9932fd5f66072d6f93"
          } ]
        },{
          "repo" : "omnibus-stable-local",
          "path" : "com/getchef/chef/12.11.18/el/5",
          "name" : "chef-12.11.18-1.el5.x86_64.rpm",
          "properties" : [ {
            "key" : "delivery.change"
          }, {
            "key" : "omnibus.iteration",
            "value" : "1"
          }, {
            "key" : "omnibus.version",
            "value" : "12.11.18"
          }, {
            "key" : "omnibus.sha256",
            "value" : "13be875c134e8463185883ad84020f37f1c68021d83ddc4d39b2f13e583a4f84"
          }, {
            "key" : "omnibus.sha1",
            "value" : "a1a892328dfc5381c57a195b03d1b4eef151060c"
          }, {
            "key" : "build.number",
            "value" : "12.11.18"
          }, {
            "key" : "omnibus.license",
            "value" : "Apache-2.0"
          }, {
            "key" : "omnibus.sha512",
            "value" : "b44aeed4b00df3c750f1f63119f4c2deb5e6ed908f48f483e34110bbbb9299c79815dc33a3e2b95b505b85c1ec775fc6ad4fa1611442d24d0c0faedd6224d5e2"
          }, {
            "key" : "build.name",
            "value" : "chef"
          }, {
            "key" : "omnibus.platform_version",
            "value" : "5"
          }, {
            "key" : "omnibus.platform",
            "value" : "el"
          }, {
            "key" : "delivery.sha"
          }, {
            "key" : "omnibus.md5",
            "value" : "45252eeea99b90ccf2a05b712c3cb16b"
          }, {
            "key" : "omnibus.project",
            "value" : "chef"
          }, {
            "key" : "omnibus.architecture",
            "value" : "x86_64"
          } ]
        },{
          "repo" : "omnibus-stable-local",
          "path" : "com/getchef/chef/12.11.18/ubuntu/14.04",
          "name" : "chef_12.11.18-1_i386.deb",
          "properties" : [ {
            "key" : "omnibus.sha256",
            "value" : "3f8b9e936ee48be850dd895d30a2ca6690f8629f9ef968164cfa070cef246d52"
          }, {
            "key" : "omnibus.sha512",
            "value" : "6f74fec562e7a2aae38faedf38b80602bc2d7ae98203230f3e0e31029ede7804eebaf623dc8e207a96cc2ac8e44ece7b6c45426ec03927ff28294179b029ecbf"
          }, {
            "key" : "omnibus.platform_version",
            "value" : "14.04"
          }, {
            "key" : "build.number",
            "value" : "12.11.18"
          }, {
            "key" : "omnibus.md5",
            "value" : "72882935153209c706dd2679542219b9"
          }, {
            "key" : "omnibus.iteration",
            "value" : "1"
          }, {
            "key" : "omnibus.architecture",
            "value" : "i686"
          }, {
            "key" : "delivery.change"
          }, {
            "key" : "omnibus.platform",
            "value" : "ubuntu"
          }, {
            "key" : "delivery.sha"
          }, {
            "key" : "build.name",
            "value" : "chef"
          }, {
            "key" : "omnibus.project",
            "value" : "chef"
          }, {
            "key" : "omnibus.sha1",
            "value" : "39b628a303e71b573345285e2426d45e7c68106f"
          }, {
            "key" : "omnibus.license",
            "value" : "Apache-2.0"
          }, {
            "key" : "omnibus.version",
            "value" : "12.11.18"
          } ]
        },{
          "repo" : "omnibus-stable-local",
          "path" : "com/getchef/chef/12.11.18/freebsd/10",
          "name" : "chef-12.11.18_1.amd64.sh",
          "properties" : [ {
            "key" : "omnibus.platform",
            "value" : "freebsd"
          }, {
            "key" : "omnibus.sha512",
            "value" : "8bd77e9704a36ba82be546a86b738697195cab0d71fe66a0678a902adc8ebb51644fc4b45c712791c0a150bb1bdfc25fc4a361da9efdabfb0306319c484a48d4"
          }, {
            "key" : "omnibus.sha256",
            "value" : "74bad9a9179d689b0ae6c2c883dbf3df12893768c2a9e06a3e986771dd171531"
          }, {
            "key" : "omnibus.project",
            "value" : "chef"
          }, {
            "key" : "build.number",
            "value" : "12.11.18"
          }, {
            "key" : "omnibus.license",
            "value" : "Apache-2.0"
          }, {
            "key" : "delivery.change"
          }, {
            "key" : "delivery.sha"
          }, {
            "key" : "omnibus.sha1",
            "value" : "6150b50d9700064e285d0af6dcf719980fdc64e4"
          }, {
            "key" : "build.name",
            "value" : "chef"
          }, {
            "key" : "omnibus.md5",
            "value" : "bb77903bcdbcdeed1e385cef6841213b"
          }, {
            "key" : "omnibus.platform_version",
            "value" : "10"
          }, {
            "key" : "omnibus.version",
            "value" : "12.11.18"
          }, {
            "key" : "omnibus.architecture",
            "value" : "amd64"
          }, {
            "key" : "omnibus.iteration",
            "value" : "1"
          } ]
        },{
          "repo" : "omnibus-stable-local",
          "path" : "com/getchef/chef/12.11.18/el/5",
          "name" : "chef-12.11.18-1.el5.i386.rpm",
          "properties" : [ {
            "key" : "omnibus.platform",
            "value" : "el"
          }, {
            "key" : "delivery.change"
          }, {
            "key" : "omnibus.md5",
            "value" : "73fb0a55af25fe008213ba6ce11cdbf5"
          }, {
            "key" : "omnibus.version",
            "value" : "12.11.18"
          }, {
            "key" : "build.name",
            "value" : "chef"
          }, {
            "key" : "omnibus.license",
            "value" : "Apache-2.0"
          }, {
            "key" : "omnibus.sha512",
            "value" : "4874e51e62efc8dfd7f20b3fc751029b997f9ff20f15adfa84827eb776ceb804679f2338815520c54cf14fa88c7fc814eaf2ad4c9cb9e8cba487ee454552c834"
          }, {
            "key" : "omnibus.architecture",
            "value" : "i686"
          }, {
            "key" : "delivery.sha"
          }, {
            "key" : "omnibus.project",
            "value" : "chef"
          }, {
            "key" : "omnibus.iteration",
            "value" : "1"
          }, {
            "key" : "omnibus.sha1",
            "value" : "a241362f9771ae2be735c7e394a66f8f5cd14bcb"
          }, {
            "key" : "omnibus.platform_version",
            "value" : "5"
          }, {
            "key" : "build.number",
            "value" : "12.11.18"
          }, {
            "key" : "omnibus.sha256",
            "value" : "77b96e44dc6f203c76f8010af3ccf6f0c21af87302d7d2d16b09c1c2a654616e"
          } ]
        },{
          "repo" : "omnibus-stable-local",
          "path" : "com/getchef/chef/12.11.18/debian/7",
          "name" : "chef_12.11.18-1_amd64.deb",
          "properties" : [ {
            "key" : "omnibus.version",
            "value" : "12.11.18"
          }, {
            "key" : "omnibus.sha256",
            "value" : "a79378be1c0eeed548fbd19fef0f1a1af25b70abf1db1b4ea1a40a90a0bafa31"
          }, {
            "key" : "build.number",
            "value" : "12.11.18"
          }, {
            "key" : "omnibus.sha512",
            "value" : "ccb1e0289d71245684bafe45f552dae2bcd290d8f2ca8420a24678c8125bf1a945ac519dea55c01ef46c33aa54c9b8f0f562c23882ba84b3e7ac380b36646721"
          }, {
            "key" : "omnibus.architecture",
            "value" : "x86_64"
          }, {
            "key" : "omnibus.platform",
            "value" : "debian"
          }, {
            "key" : "omnibus.project",
            "value" : "chef"
          }, {
            "key" : "delivery.sha"
          }, {
            "key" : "omnibus.license",
            "value" : "Apache-2.0"
          }, {
            "key" : "build.name",
            "value" : "chef"
          }, {
            "key" : "delivery.change"
          }, {
            "key" : "omnibus.platform_version",
            "value" : "7"
          }, {
            "key" : "omnibus.iteration",
            "value" : "1"
          }, {
            "key" : "omnibus.sha1",
            "value" : "9f3dbb2db2ce3a03b2061ed0d907e466e7016c04"
          }, {
            "key" : "omnibus.md5",
            "value" : "73e690e1d909655dfe5bd9ba63285dc0"
          } ]
        },{
          "repo" : "omnibus-stable-local",
          "path" : "com/getchef/chef/12.11.18/freebsd/10",
          "name" : "chef-12.11.18_1.i386.sh",
          "properties" : [ {
            "key" : "omnibus.sha512",
            "value" : "b5738e271881db44d2b45613684f61fefa5fe92520f2f3adc998e052c5fb4825133fc4a86993bd0386115801c489d4ecc90281badbb379dc3733dbd3ae37c2db"
          }, {
            "key" : "omnibus.platform_version",
            "value" : "10"
          }, {
            "key" : "delivery.sha"
          }, {
            "key" : "build.name",
            "value" : "chef"
          }, {
            "key" : "omnibus.sha256",
            "value" : "78220dd35cdf1f435c8e215ce92c57ee8b00985040b209bc8cf65a42cb25992e"
          }, {
            "key" : "delivery.change"
          }, {
            "key" : "build.number",
            "value" : "12.11.18"
          }, {
            "key" : "omnibus.md5",
            "value" : "5097396e2941d5803228bab0abb5072d"
          }, {
            "key" : "omnibus.project",
            "value" : "chef"
          }, {
            "key" : "omnibus.architecture",
            "value" : "i386"
          }, {
            "key" : "omnibus.platform",
            "value" : "freebsd"
          }, {
            "key" : "omnibus.iteration",
            "value" : "1"
          }, {
            "key" : "omnibus.license",
            "value" : "Apache-2.0"
          }, {
            "key" : "omnibus.version",
            "value" : "12.11.18"
          }, {
            "key" : "omnibus.sha1",
            "value" : "a419f622b68d0f6bd2a90df716e90f09066eb290"
          } ]
        },{
          "repo" : "omnibus-stable-local",
          "path" : "com/getchef/chef/12.11.18/windows/2012r2",
          "name" : "chef-client-12.11.18-1-x64.msi",
          "properties" : [ {
            "key" : "omnibus.sha1",
            "value" : "2098b16d02189c642a05e1b48cda656f0b978391"
          }, {
            "key" : "omnibus.license",
            "value" : "Apache-2.0"
          }, {
            "key" : "omnibus.sha512",
            "value" : "5b6d62fe25be23b262777452166e3e280d7ca35c3400c30ee1079b401ef53566a7734f7c0215ade58813f47952a13fbd156d77b1c3ea014f773da1b036e8f535"
          }, {
            "key" : "omnibus.iteration",
            "value" : "1"
          }, {
            "key" : "omnibus.version",
            "value" : "12.11.18"
          }, {
            "key" : "delivery.change"
          }, {
            "key" : "omnibus.architecture",
            "value" : "x86_64"
          }, {
            "key" : "omnibus.project",
            "value" : "chef"
          }, {
            "key" : "omnibus.platform",
            "value" : "windows"
          }, {
            "key" : "omnibus.md5",
            "value" : "830cec03f7949309fc00eb70b12da89d"
          }, {
            "key" : "omnibus.platform_version",
            "value" : "2012r2"
          }, {
            "key" : "delivery.sha"
          }, {
            "key" : "omnibus.sha256",
            "value" : "40f00551788170a1cee7b713b97d33d0dbba5a2bdbd3fd6047a1e2c7081d9953"
          }, {
            "key" : "build.number",
            "value" : "12.11.18"
          }, {
            "key" : "build.name",
            "value" : "chef"
          } ]
        },{
          "repo" : "omnibus-stable-local",
          "path" : "com/getchef/chef/12.11.18/mac_os_x/10.11",
          "name" : "chef-12.11.18-1.dmg",
          "properties" : [ {
            "key" : "omnibus.sha256",
            "value" : "7b377a9fefc97a60867c04dcafef6419dad0d283020fcc813880faa4b01ff548"
          }, {
            "key" : "omnibus.sha1",
            "value" : "3dbc9e5e2f4e3b8e6f36816c625fa1a8ce50741f"
          }, {
            "key" : "omnibus.platform",
            "value" : "mac_os_x"
          }, {
            "key" : "omnibus.version",
            "value" : "12.11.18"
          }, {
            "key" : "build.number",
            "value" : "12.11.18"
          }, {
            "key" : "omnibus.project",
            "value" : "chef"
          }, {
            "key" : "omnibus.md5",
            "value" : "787a567fe0d1a5f715b4a764bbe65029"
          }, {
            "key" : "omnibus.sha512",
            "value" : "8cfde5d5e72d20cb7b9bd802bac98f066a11b07fde48d4da75e5187af193ee78f11d06b8a432d58b1d038f469be16fa9502c6a89db62a93e5c1f3a1ecba756f1"
          }, {
            "key" : "delivery.change"
          }, {
            "key" : "omnibus.platform_version",
            "value" : "10.11"
          }, {
            "key" : "build.name",
            "value" : "chef"
          }, {
            "key" : "delivery.sha"
          }, {
            "key" : "omnibus.architecture",
            "value" : "x86_64"
          }, {
            "key" : "omnibus.iteration",
            "value" : "1"
          }, {
            "key" : "omnibus.license",
            "value" : "Apache-2.0"
          } ]
        },{
          "repo" : "omnibus-stable-local",
          "path" : "com/getchef/chef/12.11.18/freebsd/9",
          "name" : "chef-12.11.18_1.i386.sh",
          "properties" : [ {
            "key" : "omnibus.architecture",
            "value" : "i386"
          }, {
            "key" : "omnibus.platform",
            "value" : "freebsd"
          }, {
            "key" : "delivery.change"
          }, {
            "key" : "omnibus.platform_version",
            "value" : "9"
          }, {
            "key" : "omnibus.license",
            "value" : "Apache-2.0"
          }, {
            "key" : "omnibus.project",
            "value" : "chef"
          }, {
            "key" : "delivery.sha"
          }, {
            "key" : "build.number",
            "value" : "12.11.18"
          }, {
            "key" : "omnibus.md5",
            "value" : "32218b6d16eb9c7e2bc154c5ca95425e"
          }, {
            "key" : "omnibus.version",
            "value" : "12.11.18"
          }, {
            "key" : "omnibus.sha512",
            "value" : "49c4360d657368cbddf443f549490c575cdc0c87b3a104a4e8895654486471460f6877125eb1f975203893645fe44d4cb6651c922776326687fcfa3bfe0510f4"
          }, {
            "key" : "build.name",
            "value" : "chef"
          }, {
            "key" : "omnibus.sha1",
            "value" : "0f73356d4251c3429311e51f6576504398a63cf6"
          }, {
            "key" : "omnibus.sha256",
            "value" : "bd1be71d7ce27274949c79eebf2e52a5d8bc49476fa8ab477c500ad241b8e074"
          }, {
            "key" : "omnibus.iteration",
            "value" : "1"
          } ]
        },{
          "repo" : "omnibus-stable-local",
          "path" : "com/getchef/chef/12.11.18/el/6",
          "name" : "chef-12.11.18-1.el6.x86_64.rpm",
          "properties" : [ {
            "key" : "build.name",
            "value" : "chef"
          }, {
            "key" : "omnibus.sha512",
            "value" : "2e38968551ecf6fdcfd7b4c284d699b8302d2fa9a5e2c28cdac5415599ba02b37f8935be9bb525dd238cf69a55b311a8baaf9fe66ff35b4ccbd0f2ff09c1c863"
          }, {
            "key" : "omnibus.platform_version",
            "value" : "6"
          }, {
            "key" : "omnibus.project",
            "value" : "chef"
          }, {
            "key" : "omnibus.iteration",
            "value" : "1"
          }, {
            "key" : "omnibus.platform",
            "value" : "el"
          }, {
            "key" : "delivery.sha"
          }, {
            "key" : "omnibus.sha256",
            "value" : "e51559dc7747c03b446f9d1a3cdbb122f274352ba0ed7dd8fdac41e10514b9e2"
          }, {
            "key" : "omnibus.version",
            "value" : "12.11.18"
          }, {
            "key" : "omnibus.sha1",
            "value" : "44e71beed0cc0db2481c3e3d2108ad218c32dade"
          }, {
            "key" : "build.number",
            "value" : "12.11.18"
          }, {
            "key" : "omnibus.license",
            "value" : "Apache-2.0"
          }, {
            "key" : "omnibus.architecture",
            "value" : "x86_64"
          }, {
            "key" : "omnibus.md5",
            "value" : "23eb60ba3718e18567c288ba6afb83a3"
          }, {
            "key" : "delivery.change"
          } ]
        },{
          "repo" : "omnibus-stable-local",
          "path" : "com/getchef/chef/12.11.18/ubuntu/12.04",
          "name" : "chef_12.11.18-1_i386.deb",
          "properties" : [ {
            "key" : "build.number",
            "value" : "12.11.18"
          }, {
            "key" : "omnibus.license",
            "value" : "Apache-2.0"
          }, {
            "key" : "omnibus.project",
            "value" : "chef"
          }, {
            "key" : "delivery.sha"
          }, {
            "key" : "omnibus.sha1",
            "value" : "39b628a303e71b573345285e2426d45e7c68106f"
          }, {
            "key" : "omnibus.sha512",
            "value" : "6f74fec562e7a2aae38faedf38b80602bc2d7ae98203230f3e0e31029ede7804eebaf623dc8e207a96cc2ac8e44ece7b6c45426ec03927ff28294179b029ecbf"
          }, {
            "key" : "omnibus.version",
            "value" : "12.11.18"
          }, {
            "key" : "omnibus.sha256",
            "value" : "3f8b9e936ee48be850dd895d30a2ca6690f8629f9ef968164cfa070cef246d52"
          }, {
            "key" : "omnibus.platform",
            "value" : "ubuntu"
          }, {
            "key" : "delivery.change"
          }, {
            "key" : "omnibus.platform_version",
            "value" : "12.04"
          }, {
            "key" : "omnibus.md5",
            "value" : "72882935153209c706dd2679542219b9"
          }, {
            "key" : "build.name",
            "value" : "chef"
          }, {
            "key" : "omnibus.architecture",
            "value" : "i686"
          }, {
            "key" : "omnibus.iteration",
            "value" : "1"
          } ]
        },{
          "repo" : "omnibus-stable-local",
          "path" : "com/getchef/chef/12.11.18/el/7",
          "name" : "chef-12.11.18-1.el7.x86_64.rpm",
          "properties" : [ {
            "key" : "delivery.change"
          }, {
            "key" : "omnibus.iteration",
            "value" : "1"
          }, {
            "key" : "build.number",
            "value" : "12.11.18"
          }, {
            "key" : "delivery.sha"
          }, {
            "key" : "omnibus.platform",
            "value" : "el"
          }, {
            "key" : "omnibus.sha512",
            "value" : "b95bd5719b9f092045c0e0b882d91b4174f25f3fdc6d88e587f610f1c27fe9b982e75e50d95ad26116fc54cb856bb5a3340306db6ee61fa1e34f85335a8bec79"
          }, {
            "key" : "omnibus.architecture",
            "value" : "x86_64"
          }, {
            "key" : "omnibus.version",
            "value" : "12.11.18"
          }, {
            "key" : "omnibus.sha1",
            "value" : "4b0ecd14127fe6d0e5423f78a733ce43db1814c7"
          }, {
            "key" : "omnibus.project",
            "value" : "chef"
          }, {
            "key" : "omnibus.platform_version",
            "value" : "7"
          }, {
            "key" : "omnibus.license",
            "value" : "Apache-2.0"
          }, {
            "key" : "build.name",
            "value" : "chef"
          }, {
            "key" : "omnibus.sha256",
            "value" : "a5d5db51eb57cdb0045953f4007f10bf50199c40c0d89c41272cf171d56b6c53"
          }, {
            "key" : "omnibus.md5",
            "value" : "ffca20ed6400135bd00a52b540202e70"
          } ]
        },{
          "repo" : "omnibus-stable-local",
          "path" : "com/getchef/chef/12.11.18/mac_os_x/10.10",
          "name" : "chef-12.11.18-1.dmg",
          "properties" : [ {
            "key" : "omnibus.project",
            "value" : "chef"
          }, {
            "key" : "omnibus.platform_version",
            "value" : "10.10"
          }, {
            "key" : "omnibus.platform",
            "value" : "mac_os_x"
          }, {
            "key" : "build.name",
            "value" : "chef"
          }, {
            "key" : "omnibus.sha512",
            "value" : "8cfde5d5e72d20cb7b9bd802bac98f066a11b07fde48d4da75e5187af193ee78f11d06b8a432d58b1d038f469be16fa9502c6a89db62a93e5c1f3a1ecba756f1"
          }, {
            "key" : "omnibus.sha256",
            "value" : "7b377a9fefc97a60867c04dcafef6419dad0d283020fcc813880faa4b01ff548"
          }, {
            "key" : "omnibus.version",
            "value" : "12.11.18"
          }, {
            "key" : "omnibus.license",
            "value" : "Apache-2.0"
          }, {
            "key" : "omnibus.iteration",
            "value" : "1"
          }, {
            "key" : "delivery.change"
          }, {
            "key" : "omnibus.architecture",
            "value" : "x86_64"
          }, {
            "key" : "delivery.sha"
          }, {
            "key" : "build.number",
            "value" : "12.11.18"
          }, {
            "key" : "omnibus.md5",
            "value" : "787a567fe0d1a5f715b4a764bbe65029"
          }, {
            "key" : "omnibus.sha1",
            "value" : "3dbc9e5e2f4e3b8e6f36816c625fa1a8ce50741f"
          } ]
        },{
          "repo" : "omnibus-stable-local",
          "path" : "com/getchef/chef/12.11.18/windows/2008r2",
          "name" : "chef-client-12.11.18-1-x64.msi",
          "properties" : [ {
            "key" : "omnibus.iteration",
            "value" : "1"
          }, {
            "key" : "omnibus.sha1",
            "value" : "2098b16d02189c642a05e1b48cda656f0b978391"
          }, {
            "key" : "delivery.change"
          }, {
            "key" : "build.name",
            "value" : "chef"
          }, {
            "key" : "omnibus.platform",
            "value" : "windows"
          }, {
            "key" : "delivery.sha"
          }, {
            "key" : "omnibus.version",
            "value" : "12.11.18"
          }, {
            "key" : "omnibus.md5",
            "value" : "830cec03f7949309fc00eb70b12da89d"
          }, {
            "key" : "omnibus.architecture",
            "value" : "x86_64"
          }, {
            "key" : "build.number",
            "value" : "12.11.18"
          }, {
            "key" : "omnibus.sha256",
            "value" : "40f00551788170a1cee7b713b97d33d0dbba5a2bdbd3fd6047a1e2c7081d9953"
          }, {
            "key" : "omnibus.project",
            "value" : "chef"
          }, {
            "key" : "omnibus.sha512",
            "value" : "5b6d62fe25be23b262777452166e3e280d7ca35c3400c30ee1079b401ef53566a7734f7c0215ade58813f47952a13fbd156d77b1c3ea014f773da1b036e8f535"
          }, {
            "key" : "omnibus.platform_version",
            "value" : "2008r2"
          }, {
            "key" : "omnibus.license",
            "value" : "Apache-2.0"
          } ]
        },{
          "repo" : "omnibus-stable-local",
          "path" : "com/getchef/chef/12.11.18/mac_os_x/10.9",
          "name" : "chef-12.11.18-1.dmg",
          "properties" : [ {
            "key" : "omnibus.project",
            "value" : "chef"
          }, {
            "key" : "omnibus.sha512",
            "value" : "8cfde5d5e72d20cb7b9bd802bac98f066a11b07fde48d4da75e5187af193ee78f11d06b8a432d58b1d038f469be16fa9502c6a89db62a93e5c1f3a1ecba756f1"
          }, {
            "key" : "delivery.sha"
          }, {
            "key" : "omnibus.sha1",
            "value" : "3dbc9e5e2f4e3b8e6f36816c625fa1a8ce50741f"
          }, {
            "key" : "omnibus.md5",
            "value" : "787a567fe0d1a5f715b4a764bbe65029"
          }, {
            "key" : "omnibus.platform",
            "value" : "mac_os_x"
          }, {
            "key" : "build.number",
            "value" : "12.11.18"
          }, {
            "key" : "build.name",
            "value" : "chef"
          }, {
            "key" : "delivery.change"
          }, {
            "key" : "omnibus.iteration",
            "value" : "1"
          }, {
            "key" : "omnibus.sha256",
            "value" : "7b377a9fefc97a60867c04dcafef6419dad0d283020fcc813880faa4b01ff548"
          }, {
            "key" : "omnibus.platform_version",
            "value" : "10.9"
          }, {
            "key" : "omnibus.version",
            "value" : "12.11.18"
          }, {
            "key" : "omnibus.architecture",
            "value" : "x86_64"
          }, {
            "key" : "omnibus.license",
            "value" : "Apache-2.0"
          } ]
        },{
          "repo" : "omnibus-stable-local",
          "path" : "com/getchef/chef/12.11.18/windows/2012",
          "name" : "chef-client-12.11.18-1-x86.msi",
          "properties" : [ {
            "key" : "delivery.change"
          }, {
            "key" : "omnibus.sha256",
            "value" : "3953d8bbc1803177f4f5073164a8a6105187be5531cfa5f44c7da9a55ffa18c7"
          }, {
            "key" : "omnibus.iteration",
            "value" : "1"
          }, {
            "key" : "delivery.sha"
          }, {
            "key" : "omnibus.platform_version",
            "value" : "2012"
          }, {
            "key" : "build.name",
            "value" : "chef"
          }, {
            "key" : "omnibus.version",
            "value" : "12.11.18"
          }, {
            "key" : "omnibus.sha512",
            "value" : "db726ec828554607aed59b8d92841d5b588d443045855a3b9a646dcb0cc9252497ada45e9bccd55aaebb84b9dc8bafa8121a75a39a68d1d59e015a7155dc61b4"
          }, {
            "key" : "omnibus.architecture",
            "value" : "i386"
          }, {
            "key" : "omnibus.md5",
            "value" : "ed7890bee52b484f6919d7eeab063d0d"
          }, {
            "key" : "omnibus.project",
            "value" : "chef"
          }, {
            "key" : "omnibus.sha1",
            "value" : "5bf86d780ff7890b0889ea4058d757d73597a811"
          }, {
            "key" : "omnibus.license",
            "value" : "Apache-2.0"
          }, {
            "key" : "build.number",
            "value" : "12.11.18"
          }, {
            "key" : "omnibus.platform",
            "value" : "windows"
          } ]
        },{
          "repo" : "omnibus-stable-local",
          "path" : "com/getchef/chef/12.11.18/aix/7.1",
          "name" : "chef-12.11.18-1.powerpc.bff",
          "properties" : [ {
            "key" : "omnibus.project",
            "value" : "chef"
          }, {
            "key" : "omnibus.platform",
            "value" : "aix"
          }, {
            "key" : "omnibus.sha1",
            "value" : "c81a50911bd36b94ad41fe739ea83c74c0979ffb"
          }, {
            "key" : "omnibus.architecture",
            "value" : "powerpc"
          }, {
            "key" : "build.name",
            "value" : "chef"
          }, {
            "key" : "omnibus.sha256",
            "value" : "cfd254db92d23f0917dd387f36a400ad0a0d35641c467290b189da909c4775f8"
          }, {
            "key" : "build.number",
            "value" : "12.11.18"
          }, {
            "key" : "omnibus.sha512",
            "value" : "b1d41157ecdca0d542442f84db5d3d8715bb63b47cb156efe92fe53789f1668eb0058ea75c3f4607260d83f1360d66562f2fa0c60be6dbb76b5c5067e869b505"
          }, {
            "key" : "delivery.change"
          }, {
            "key" : "omnibus.version",
            "value" : "12.11.18"
          }, {
            "key" : "delivery.sha"
          }, {
            "key" : "omnibus.md5",
            "value" : "280c5af77a5da65cacc140ff83d76cab"
          }, {
            "key" : "omnibus.platform_version",
            "value" : "7.1"
          }, {
            "key" : "omnibus.iteration",
            "value" : "1"
          }, {
            "key" : "omnibus.license",
            "value" : "Apache-2.0"
          } ]
        },{
          "repo" : "omnibus-stable-local",
          "path" : "com/getchef/chef/12.11.18/solaris2/5.10",
          "name" : "chef-12.11.18-1.i386.solaris",
          "properties" : [ {
            "key" : "omnibus.platform_version",
            "value" : "5.10"
          }, {
            "key" : "omnibus.architecture",
            "value" : "i386"
          }, {
            "key" : "omnibus.sha1",
            "value" : "67124b9ea0659c92a3fb86b9a8c9ddb9a0beb6fe"
          }, {
            "key" : "omnibus.platform",
            "value" : "solaris2"
          }, {
            "key" : "omnibus.version",
            "value" : "12.11.18"
          }, {
            "key" : "omnibus.sha512",
            "value" : "f88bceda9d1fb9cc74ab40793d7d2233c6e4f19b2ce897c8d13fe45fb5d1bce1a10601ae009182727d180a542c1d06e6c3569832966facdab5af653c91c37e9a"
          }, {
            "key" : "omnibus.iteration",
            "value" : "1"
          }, {
            "key" : "build.name",
            "value" : "chef"
          }, {
            "key" : "delivery.sha"
          }, {
            "key" : "delivery.change"
          }, {
            "key" : "build.number",
            "value" : "12.11.18"
          }, {
            "key" : "omnibus.project",
            "value" : "chef"
          }, {
            "key" : "omnibus.md5",
            "value" : "37be2bb5d61de6d9eb307f5d96910645"
          }, {
            "key" : "omnibus.sha256",
            "value" : "7ab2827ce1af726162320db7c0b3b54090d7e670d4a9f0ec399882348a1dff49"
          }, {
            "key" : "omnibus.license",
            "value" : "Apache-2.0"
          } ]
        },{
          "repo" : "omnibus-stable-local",
          "path" : "com/getchef/chef/12.11.18/debian/6",
          "name" : "chef_12.11.18-1_amd64.deb",
          "properties" : [ {
            "key" : "build.name",
            "value" : "chef"
          }, {
            "key" : "delivery.sha"
          }, {
            "key" : "omnibus.project",
            "value" : "chef"
          }, {
            "key" : "build.number",
            "value" : "12.11.18"
          }, {
            "key" : "omnibus.sha256",
            "value" : "a79378be1c0eeed548fbd19fef0f1a1af25b70abf1db1b4ea1a40a90a0bafa31"
          }, {
            "key" : "omnibus.platform_version",
            "value" : "6"
          }, {
            "key" : "omnibus.version",
            "value" : "12.11.18"
          }, {
            "key" : "omnibus.sha1",
            "value" : "9f3dbb2db2ce3a03b2061ed0d907e466e7016c04"
          }, {
            "key" : "omnibus.sha512",
            "value" : "ccb1e0289d71245684bafe45f552dae2bcd290d8f2ca8420a24678c8125bf1a945ac519dea55c01ef46c33aa54c9b8f0f562c23882ba84b3e7ac380b36646721"
          }, {
            "key" : "omnibus.license",
            "value" : "Apache-2.0"
          }, {
            "key" : "omnibus.md5",
            "value" : "73e690e1d909655dfe5bd9ba63285dc0"
          }, {
            "key" : "delivery.change"
          }, {
            "key" : "omnibus.iteration",
            "value" : "1"
          }, {
            "key" : "omnibus.platform",
            "value" : "debian"
          }, {
            "key" : "omnibus.architecture",
            "value" : "x86_64"
          } ]
        } ],
        "range" : {
          "start_pos" : 0,
          "end_pos" : 36,
          "total" : 36
        }
        }
    http_version: 
  recorded_at: Mon, 27 Jun 2016 23:06:08 GMT
recorded_with: VCR 3.0.3
